Traceback (most recent call last):
  File "C:\ffzhzh\SyncFiles\Temp\HFSS_sim\batchsim_150train_50test_connection2.py", line 417, in <module>
    main()
  File "C:\ffzhzh\SyncFiles\Temp\HFSS_sim\batchsim_150train_50test_connection2.py", line 409, in main
    results = list(executor.map(run_single_simulation, tasks))
              ^^^^^^^^^^^^^^^^^^^^^^^^^^^^^^^^^^^^^^^^^^^^^^^^
  File "C:\Users\ffzhz\anaconda3\envs\PyAnsys\Lib\concurrent\futures\process.py", line 620, in _chain_from_iterable_of_lists
    for element in iterable:
  File "C:\Users\ffzhz\anaconda3\envs\PyAnsys\Lib\concurrent\futures\_base.py", line 619, in result_iterator
    yield _result_or_cancel(fs.pop())
          ^^^^^^^^^^^^^^^^^^^^^^^^^^^
  File "C:\Users\ffzhz\anaconda3\envs\PyAnsys\Lib\concurrent\futures\_base.py", line 317, in _result_or_cancel
    return fut.result(timeout)
           ^^^^^^^^^^^^^^^^^^^
  File "C:\Users\ffzhz\anaconda3\envs\PyAnsys\Lib\concurrent\futures\_base.py", line 456, in result
    return self.__get_result()
           ^^^^^^^^^^^^^^^^^^^
  File "C:\Users\ffzhz\anaconda3\envs\PyAnsys\Lib\concurrent\futures\_base.py", line 401, in __get_result
    raise self._exception
concurrent.futures.process.BrokenProcessPool: A process in the process pool was terminated abruptly while the future was running or pending.
ERROR conda.cli.main_run:execute(142): `conda run python C:\ffzhzh\SyncFiles\Temp\HFSS_sim\batchsim_150train_50test_connection2.py` failed. (See above for error)
