[train / TSV_RDL - Task 2] result exists, skipped.
[train / TSV_RDL - Task 6] result exists, skipped.
[train / TSV_RDL - Task 9] result exists, skipped.
[train / TSV_RDL - Task 12] result exists, skipped.
[train / TSV_RDL - Task 16] result exists, skipped.
[train / TSV_RDL - Task 19] result exists, skipped.
[train / TSV_RDL - Task 22] result exists, skipped.
[train / TSV_RDL - Task 25] result exists, skipped.
[train / TSV_RDL - Task 28] result exists, skipped.
[train / TSV_RDL - Task 31] result exists, skipped.
[train / TSV_RDL - Task 34] result exists, skipped.
[train / TSV_RDL - Task 37] result exists, skipped.
[train / TSV_RDL - Task 40] result exists, skipped.
[train / TSV_RDL - Task 43] result exists, skipped.
[train / TSV_RDL - Task 47] result exists, skipped.
[train / TSV_RDL - Task 49] result exists, skipped.
[train / TSV_RDL - Task 52] result exists, skipped.
[train / TSV_RDL - Task 55] result exists, skipped.
[train / TSV_RDL - Task 58] result exists, skipped.
[train / TSV_RDL - Task 62] result exists, skipped.
[train / TSV_RDL - Task 65] result exists, skipped.
[train / TSV_RDL - Task 68] result exists, skipped.
[train / TSV_RDL - Task 71] result exists, skipped.
[train / TSV_RDL - Task 74] result exists, skipped.
[train / TSV_RDL - Task 77] result exists, skipped.
[train / TSV_RDL - Task 80] result exists, skipped.
[train / TSV_RDL - Task 84] result exists, skipped.
[train / TSV_RDL - Task 87] simulation started.
PyAEDT INFO: Python version 3.11.15 | packaged by Anaconda, Inc. | (main, Mar 11 2026, 17:12:15) [MSC v.1942 64 bit (AMD64)].
PyAEDT INFO: PyAEDT version 1.0.1.
PyAEDT INFO: Initializing new Desktop session.
PyAEDT INFO: AEDT version 2026.1.
[train / TSV_RDL - Task 1] result exists, skipped.
[train / TSV_RDL - Task 4] result exists, skipped.
[train / TSV_RDL - Task 7] result exists, skipped.
[train / TSV_RDL - Task 10] result exists, skipped.
[train / TSV_RDL - Task 13] result exists, skipped.
[train / TSV_RDL - Task 15] result exists, skipped.
[train / TSV_RDL - Task 18] result exists, skipped.
[train / TSV_RDL - Task 21] result exists, skipped.
[train / TSV_RDL - Task 24] result exists, skipped.
[train / TSV_RDL - Task 27] result exists, skipped.
[train / TSV_RDL - Task 30] result exists, skipped.
[train / TSV_RDL - Task 33] result exists, skipped.
[train / TSV_RDL - Task 36] result exists, skipped.
[train / TSV_RDL - Task 39] result exists, skipped.
[train / TSV_RDL - Task 42] result exists, skipped.
[train / TSV_RDL - Task 45] result exists, skipped.
[train / TSV_RDL - Task 48] result exists, skipped.
[train / TSV_RDL - Task 51] result exists, skipped.
[train / TSV_RDL - Task 54] result exists, skipped.
[train / TSV_RDL - Task 57] result exists, skipped.
[train / TSV_RDL - Task 60] result exists, skipped.
[train / TSV_RDL - Task 63] result exists, skipped.
[train / TSV_RDL - Task 66] result exists, skipped.
[train / TSV_RDL - Task 69] result exists, skipped.
[train / TSV_RDL - Task 72] result exists, skipped.
[train / TSV_RDL - Task 75] result exists, skipped.
[train / TSV_RDL - Task 78] result exists, skipped.
[train / TSV_RDL - Task 81] result exists, skipped.
[train / TSV_RDL - Task 83] result exists, skipped.
[train / TSV_RDL - Task 86] result exists, skipped.
[train / TSV_RDL - Task 89] result exists, skipped.
[train / TSV_RDL - Task 91] result exists, skipped.
[train / TSV_RDL - Task 93] result exists, skipped.
[train / TSV_RDL - Task 95] result exists, skipped.
[train / TSV_RDL - Task 97] result exists, skipped.
[train / TSV_RDL - Task 99] result exists, skipped.
[train / TSV_RDL - Task 101] result exists, skipped.
[train / TSV_RDL - Task 103] result exists, skipped.
[train / TSV_RDL - Task 105] result exists, skipped.
[train / TSV_RDL - Task 107] result exists, skipped.
[train / TSV_RDL - Task 109] result exists, skipped.
[train / TSV_RDL - Task 111] result exists, skipped.
[train / TSV_RDL - Task 113] result exists, skipped.
[train / TSV_RDL - Task 115] result exists, skipped.
[train / TSV_RDL - Task 117] result exists, skipped.
[train / TSV_RDL - Task 119] result exists, skipped.
[train / TSV_RDL - Task 121] result exists, skipped.
[train / TSV_RDL - Task 123] result exists, skipped.
[train / TSV_RDL - Task 125] result exists, skipped.
[train / TSV_RDL - Task 127] result exists, skipped.
[train / TSV_RDL - Task 129] result exists, skipped.
[train / TSV_RDL - Task 131] result exists, skipped.
[train / TSV_RDL - Task 133] result exists, skipped.
[train / TSV_RDL - Task 135] result exists, skipped.
[train / TSV_RDL - Task 137] result exists, skipped.
[train / TSV_RDL - Task 139] result exists, skipped.
[train / TSV_RDL - Task 141] result exists, skipped.
[train / TSV_RDL - Task 143] result exists, skipped.
[train / TSV_RDL - Task 145] result exists, skipped.
[train / TSV_RDL - Task 148] result exists, skipped.
[test / TSV_RDL - Task 150] result exists, skipped.
[test / TSV_RDL - Task 152] result exists, skipped.
[test / TSV_RDL - Task 154] result exists, skipped.
[test / TSV_RDL - Task 156] result exists, skipped.
[test / TSV_RDL - Task 158] result exists, skipped.
[test / TSV_RDL - Task 160] result exists, skipped.
[test / TSV_RDL - Task 162] result exists, skipped.
[test / TSV_RDL - Task 164] result exists, skipped.
[test / TSV_RDL - Task 167] result exists, skipped.
[test / TSV_RDL - Task 169] result exists, skipped.
[test / TSV_RDL - Task 171] simulation started.
PyAEDT INFO: Python version 3.11.15 | packaged by Anaconda, Inc. | (main, Mar 11 2026, 17:12:15) [MSC v.1942 64 bit (AMD64)].
PyAEDT INFO: PyAEDT version 1.0.1.
PyAEDT INFO: Initializing new Desktop session.
PyAEDT INFO: AEDT version 2026.1.
[train / TSV_RDL - Task 0] result exists, skipped.
[train / TSV_RDL - Task 3] result exists, skipped.
[train / TSV_RDL - Task 5] result exists, skipped.
[train / TSV_RDL - Task 8] result exists, skipped.
[train / TSV_RDL - Task 11] result exists, skipped.
[train / TSV_RDL - Task 14] result exists, skipped.
[train / TSV_RDL - Task 17] result exists, skipped.
[train / TSV_RDL - Task 20] result exists, skipped.
[train / TSV_RDL - Task 23] result exists, skipped.
[train / TSV_RDL - Task 26] result exists, skipped.
[train / TSV_RDL - Task 29] result exists, skipped.
[train / TSV_RDL - Task 32] result exists, skipped.
[train / TSV_RDL - Task 35] result exists, skipped.
[train / TSV_RDL - Task 38] result exists, skipped.
[train / TSV_RDL - Task 41] result exists, skipped.
[train / TSV_RDL - Task 44] result exists, skipped.
[train / TSV_RDL - Task 46] result exists, skipped.
[train / TSV_RDL - Task 50] result exists, skipped.
[train / TSV_RDL - Task 53] result exists, skipped.
[train / TSV_RDL - Task 56] result exists, skipped.
[train / TSV_RDL - Task 59] result exists, skipped.
[train / TSV_RDL - Task 61] result exists, skipped.
[train / TSV_RDL - Task 64] result exists, skipped.
[train / TSV_RDL - Task 67] result exists, skipped.
[train / TSV_RDL - Task 70] result exists, skipped.
[train / TSV_RDL - Task 73] result exists, skipped.
[train / TSV_RDL - Task 76] result exists, skipped.
[train / TSV_RDL - Task 79] result exists, skipped.
[train / TSV_RDL - Task 82] result exists, skipped.
[train / TSV_RDL - Task 85] result exists, skipped.
[train / TSV_RDL - Task 88] result exists, skipped.
[train / TSV_RDL - Task 90] result exists, skipped.
[train / TSV_RDL - Task 92] result exists, skipped.
[train / TSV_RDL - Task 94] result exists, skipped.
[train / TSV_RDL - Task 96] result exists, skipped.
[train / TSV_RDL - Task 98] result exists, skipped.
[train / TSV_RDL - Task 100] result exists, skipped.
[train / TSV_RDL - Task 102] result exists, skipped.
[train / TSV_RDL - Task 104] result exists, skipped.
[train / TSV_RDL - Task 106] result exists, skipped.
[train / TSV_RDL - Task 108] result exists, skipped.
[train / TSV_RDL - Task 110] result exists, skipped.
[train / TSV_RDL - Task 112] result exists, skipped.
[train / TSV_RDL - Task 114] result exists, skipped.
[train / TSV_RDL - Task 116] result exists, skipped.
[train / TSV_RDL - Task 118] result exists, skipped.
[train / TSV_RDL - Task 120] result exists, skipped.
[train / TSV_RDL - Task 122] result exists, skipped.
[train / TSV_RDL - Task 124] result exists, skipped.
[train / TSV_RDL - Task 126] result exists, skipped.
[train / TSV_RDL - Task 128] result exists, skipped.
[train / TSV_RDL - Task 130] result exists, skipped.
[train / TSV_RDL - Task 132] result exists, skipped.
[train / TSV_RDL - Task 134] result exists, skipped.
[train / TSV_RDL - Task 136] result exists, skipped.
[train / TSV_RDL - Task 138] result exists, skipped.
[train / TSV_RDL - Task 140] result exists, skipped.
[train / TSV_RDL - Task 142] result exists, skipped.
[train / TSV_RDL - Task 144] result exists, skipped.
[train / TSV_RDL - Task 146] result exists, skipped.
[train / TSV_RDL - Task 147] result exists, skipped.
[train / TSV_RDL - Task 149] result exists, skipped.
[test / TSV_RDL - Task 151] result exists, skipped.
[test / TSV_RDL - Task 153] result exists, skipped.
[test / TSV_RDL - Task 155] result exists, skipped.
[test / TSV_RDL - Task 157] result exists, skipped.
[test / TSV_RDL - Task 159] result exists, skipped.
[test / TSV_RDL - Task 161] result exists, skipped.
[test / TSV_RDL - Task 163] result exists, skipped.
[test / TSV_RDL - Task 165] result exists, skipped.
[test / TSV_RDL - Task 166] result exists, skipped.
[test / TSV_RDL - Task 168] result exists, skipped.
[test / TSV_RDL - Task 170] result exists, skipped.
[test / TSV_RDL - Task 172] result exists, skipped.
[test / TSV_RDL - Task 173] result exists, skipped.
[test / TSV_RDL - Task 174] result exists, skipped.
[test / TSV_RDL - Task 175] simulation started.
PyAEDT INFO: Python version 3.11.15 | packaged by Anaconda, Inc. | (main, Mar 11 2026, 17:12:15) [MSC v.1942 64 bit (AMD64)].
PyAEDT INFO: PyAEDT version 1.0.1.
PyAEDT INFO: Initializing new Desktop session.
PyAEDT INFO: AEDT version 2026.1.
PyAEDT INFO: New AEDT session is starting on gRPC port 3905.
PyAEDT INFO: New AEDT session is starting on gRPC port 3904.
PyAEDT INFO: New AEDT session is starting on gRPC port 3903.
PyAEDT INFO: Starting new AEDT gRPC session on port 3905.
PyAEDT INFO: Launching AEDT server with gRPC transport mode: TransportMode.WNUA
PyAEDT INFO: Starting new AEDT gRPC session on port 3904.
PyAEDT INFO: Launching AEDT server with gRPC transport mode: TransportMode.WNUA
PyAEDT INFO: Starting new AEDT gRPC session on port 3903.
PyAEDT INFO: Launching AEDT server with gRPC transport mode: TransportMode.WNUA
PyAEDT INFO: Electronics Desktop started on gRPC port 3905 after 10.7 seconds.
PyAEDT INFO: AEDT installation Path C:\Program Files\ANSYS Inc\v261\AnsysEM
PyAEDT INFO: Electronics Desktop started on gRPC port 3904 after 10.8 seconds.
PyAEDT INFO: AEDT installation Path C:\Program Files\ANSYS Inc\v261\AnsysEM
PyAEDT INFO: Electronics Desktop started on gRPC port 3903 after 10.7 seconds.
PyAEDT INFO: AEDT installation Path C:\Program Files\ANSYS Inc\v261\AnsysEM
PyAEDT INFO: Connected to AEDT gRPC session on port 3905.
PyAEDT INFO: Connected to AEDT gRPC session on port 3904.
PyAEDT INFO: Non-graphical mode detected. Disabling Desktop logs.
PyAEDT INFO: Non-graphical mode detected. Disabling Desktop logs.
PyAEDT INFO: Connected to AEDT gRPC session on port 3903.
PyAEDT INFO: Python version 3.11.15 | packaged by Anaconda, Inc. | (main, Mar 11 2026, 17:12:15) [MSC v.1942 64 bit (AMD64)].
PyAEDT INFO: Parsing C:\ffzhzh\LocalFiles\Ansys_Project_Files\temp_test_TSV_RDL_175_1783473852_48356.aedt.
PyAEDT INFO: PyAEDT version 1.0.1.
PyAEDT INFO: Python version 3.11.15 | packaged by Anaconda, Inc. | (main, Mar 11 2026, 17:12:15) [MSC v.1942 64 bit (AMD64)].
PyAEDT INFO: Non-graphical mode detected. Disabling Desktop logs.
PyAEDT INFO: Parsing C:\ffzhzh\LocalFiles\Ansys_Project_Files\temp_test_TSV_RDL_171_1783473852_33644.aedt.
PyAEDT INFO: PyAEDT version 1.0.1.
PyAEDT INFO: Returning found Desktop session with PID 8168!
PyAEDT INFO: Returning found Desktop session with PID 41988!
PyAEDT INFO: Python version 3.11.15 | packaged by Anaconda, Inc. | (main, Mar 11 2026, 17:12:15) [MSC v.1942 64 bit (AMD64)].
PyAEDT INFO: Parsing C:\ffzhzh\LocalFiles\Ansys_Project_Files\temp_train_TSV_RDL_87_1783473852_46308.aedt.
PyAEDT INFO: PyAEDT version 1.0.1.
PyAEDT INFO: Returning found Desktop session with PID 43608!
PyAEDT INFO: File C:\ffzhzh\LocalFiles\Ansys_Project_Files\temp_test_TSV_RDL_175_1783473852_48356.aedt correctly loaded. Elapsed time: 0m 0sec
PyAEDT INFO: File C:\ffzhzh\LocalFiles\Ansys_Project_Files\temp_test_TSV_RDL_171_1783473852_33644.aedt correctly loaded. Elapsed time: 0m 0sec
PyAEDT INFO: File C:\ffzhzh\LocalFiles\Ansys_Project_Files\temp_train_TSV_RDL_87_1783473852_46308.aedt correctly loaded. Elapsed time: 0m 0sec
PyAEDT INFO: Project temp_test_TSV_RDL_175_1783473852_48356 has been opened.
PyAEDT INFO: Project temp_test_TSV_RDL_171_1783473852_33644 has been opened.
PyAEDT INFO: Project temp_train_TSV_RDL_87_1783473852_46308 has been opened.
PyAEDT INFO: Active Design set to TSV_RDL
PyAEDT INFO: Active Design set to TSV_RDL
PyAEDT INFO: Active Design set to TSV_RDL
PyAEDT INFO: AEDT objects correctly read
PyAEDT INFO: AEDT objects correctly read
PyAEDT INFO: AEDT objects correctly read
PyAEDT INFO: Modeler class has been initialized! Elapsed time: 0m 0sec
PyAEDT INFO: Modeler class has been initialized! Elapsed time: 0m 0sec
PyAEDT INFO: Modeler class has been initialized! Elapsed time: 0m 0sec
PyAEDT INFO: Project temp_test_TSV_RDL_175_1783473852_48356 Saved correctly
PyAEDT INFO: Project temp_test_TSV_RDL_171_1783473852_33644 Saved correctly
PyAEDT INFO: Project temp_train_TSV_RDL_87_1783473852_46308 Saved correctly
PyAEDT INFO: Key Desktop/ActiveDSOConfigurations/HFSS correctly changed.
PyAEDT INFO: Key Desktop/ActiveDSOConfigurations/HFSS correctly changed.
PyAEDT INFO: Key Desktop/ActiveDSOConfigurations/HFSS correctly changed.
PyAEDT INFO: Solving all design setups. Analysis started...
PyAEDT INFO: Design setup None solved correctly in 0.0h 11.0m 42.0s
PyAEDT INFO: Key Desktop/ActiveDSOConfigurations/HFSS correctly changed.
PyAEDT INFO: Exporting Touchstone C:/ffzhzh/LocalFiles/Ansys_Project_Files/temp_test_TSV_RDL_175_1783473852_48356_SNP/temp_test_TSV_RDL_175_1783473852_48356.s2p
PyAEDT INFO: Touchstone correctly exported to C:/ffzhzh/LocalFiles/Ansys_Project_Files/temp_test_TSV_RDL_175_1783473852_48356_SNP/temp_test_TSV_RDL_175_1783473852_48356.s2p
[test / TSV_RDL - Task 175] simulation completed: C:\ffzhzh\SyncFiles\Temp\HFSS_sim\LHS150_50_Connection2\test\TSV_RDL\dut175.s2p
PyAEDT INFO: Desktop has been released and closed.
[test / TSV_RDL - Task 176] simulation started.
PyAEDT INFO: Python version 3.11.15 | packaged by Anaconda, Inc. | (main, Mar 11 2026, 17:12:15) [MSC v.1942 64 bit (AMD64)].
PyAEDT INFO: PyAEDT version 1.0.1.
PyAEDT INFO: Initializing new Desktop session.
PyAEDT INFO: AEDT version 2026.1.
PyAEDT INFO: New AEDT session is starting on gRPC port 5674.
PyAEDT INFO: Starting new AEDT gRPC session on port 5674.
PyAEDT INFO: Launching AEDT server with gRPC transport mode: TransportMode.WNUA
PyAEDT INFO: Electronics Desktop started on gRPC port 5674 after 7.4 seconds.
PyAEDT INFO: AEDT installation Path C:\Program Files\ANSYS Inc\v261\AnsysEM
PyAEDT INFO: Connected to AEDT gRPC session on port 5674.
PyAEDT INFO: Non-graphical mode detected. Disabling Desktop logs.
PyAEDT INFO: Parsing C:\ffzhzh\LocalFiles\Ansys_Project_Files\temp_test_TSV_RDL_176_1783474584_48356.aedt.
PyAEDT INFO: Python version 3.11.15 | packaged by Anaconda, Inc. | (main, Mar 11 2026, 17:12:15) [MSC v.1942 64 bit (AMD64)].
PyAEDT INFO: PyAEDT version 1.0.1.
PyAEDT INFO: Returning found Desktop session with PID 40572!
PyAEDT INFO: File C:\ffzhzh\LocalFiles\Ansys_Project_Files\temp_test_TSV_RDL_176_1783474584_48356.aedt correctly loaded. Elapsed time: 0m 0sec
PyAEDT INFO: Project temp_test_TSV_RDL_176_1783474584_48356 has been opened.
PyAEDT INFO: Active Design set to TSV_RDL
PyAEDT INFO: AEDT objects correctly read
PyAEDT INFO: Modeler class has been initialized! Elapsed time: 0m 0sec
PyAEDT INFO: Project temp_test_TSV_RDL_176_1783474584_48356 Saved correctly
PyAEDT INFO: Key Desktop/ActiveDSOConfigurations/HFSS correctly changed.
PyAEDT INFO: Solving all design setups. Analysis started...
PyAEDT INFO: Design setup None solved correctly in 0.0h 10.0m 44.0s
PyAEDT INFO: Key Desktop/ActiveDSOConfigurations/HFSS correctly changed.
PyAEDT INFO: Exporting Touchstone C:/ffzhzh/LocalFiles/Ansys_Project_Files/temp_test_TSV_RDL_176_1783474584_48356_SNP/temp_test_TSV_RDL_176_1783474584_48356.s2p
PyAEDT INFO: Touchstone correctly exported to C:/ffzhzh/LocalFiles/Ansys_Project_Files/temp_test_TSV_RDL_176_1783474584_48356_SNP/temp_test_TSV_RDL_176_1783474584_48356.s2p
[test / TSV_RDL - Task 176] simulation completed: C:\ffzhzh\SyncFiles\Temp\HFSS_sim\LHS150_50_Connection2\test\TSV_RDL\dut176.s2p
PyAEDT INFO: Desktop has been released and closed.
[test / TSV_RDL - Task 177] simulation started.
PyAEDT INFO: Python version 3.11.15 | packaged by Anaconda, Inc. | (main, Mar 11 2026, 17:12:15) [MSC v.1942 64 bit (AMD64)].
PyAEDT INFO: PyAEDT version 1.0.1.
PyAEDT INFO: Initializing new Desktop session.
PyAEDT INFO: AEDT version 2026.1.
PyAEDT INFO: New AEDT session is starting on gRPC port 12969.
PyAEDT INFO: Starting new AEDT gRPC session on port 12969.
PyAEDT INFO: Launching AEDT server with gRPC transport mode: TransportMode.WNUA
PyAEDT INFO: Electronics Desktop started on gRPC port 12969 after 7.3 seconds.
PyAEDT INFO: AEDT installation Path C:\Program Files\ANSYS Inc\v261\AnsysEM
PyAEDT INFO: Connected to AEDT gRPC session on port 12969.
PyAEDT INFO: Non-graphical mode detected. Disabling Desktop logs.
PyAEDT INFO: Parsing C:\ffzhzh\LocalFiles\Ansys_Project_Files\temp_test_TSV_RDL_177_1783475254_48356.aedt.
PyAEDT INFO: Python version 3.11.15 | packaged by Anaconda, Inc. | (main, Mar 11 2026, 17:12:15) [MSC v.1942 64 bit (AMD64)].
PyAEDT INFO: PyAEDT version 1.0.1.
PyAEDT INFO: Returning found Desktop session with PID 48528!
PyAEDT INFO: File C:\ffzhzh\LocalFiles\Ansys_Project_Files\temp_test_TSV_RDL_177_1783475254_48356.aedt correctly loaded. Elapsed time: 0m 0sec
PyAEDT INFO: Project temp_test_TSV_RDL_177_1783475254_48356 has been opened.
PyAEDT INFO: Active Design set to TSV_RDL
PyAEDT INFO: AEDT objects correctly read
PyAEDT INFO: Modeler class has been initialized! Elapsed time: 0m 0sec
PyAEDT INFO: Project temp_test_TSV_RDL_177_1783475254_48356 Saved correctly
PyAEDT INFO: Key Desktop/ActiveDSOConfigurations/HFSS correctly changed.
PyAEDT INFO: Solving all design setups. Analysis started...
PyAEDT INFO: Design setup None solved correctly in 0.0h 26.0m 43.0s
PyAEDT INFO: Key Desktop/ActiveDSOConfigurations/HFSS correctly changed.
PyAEDT INFO: Exporting Touchstone C:/ffzhzh/LocalFiles/Ansys_Project_Files/temp_train_TSV_RDL_87_1783473852_46308_SNP/temp_train_TSV_RDL_87_1783473852_46308.s2p
PyAEDT INFO: Touchstone correctly exported to C:/ffzhzh/LocalFiles/Ansys_Project_Files/temp_train_TSV_RDL_87_1783473852_46308_SNP/temp_train_TSV_RDL_87_1783473852_46308.s2p
[train / TSV_RDL - Task 87] simulation completed: C:\ffzhzh\SyncFiles\Temp\HFSS_sim\LHS150_50_Connection2\train\TSV_RDL\dut87.s2p
PyAEDT INFO: Desktop has been released and closed.
[test / TSV_RDL - Task 178] simulation started.
PyAEDT INFO: Python version 3.11.15 | packaged by Anaconda, Inc. | (main, Mar 11 2026, 17:12:15) [MSC v.1942 64 bit (AMD64)].
PyAEDT INFO: PyAEDT version 1.0.1.
PyAEDT INFO: Initializing new Desktop session.
PyAEDT INFO: AEDT version 2026.1.
PyAEDT INFO: New AEDT session is starting on gRPC port 8841.
PyAEDT INFO: Starting new AEDT gRPC session on port 8841.
PyAEDT INFO: Launching AEDT server with gRPC transport mode: TransportMode.WNUA
PyAEDT INFO: Electronics Desktop started on gRPC port 8841 after 6.0 seconds.
PyAEDT INFO: AEDT installation Path C:\Program Files\ANSYS Inc\v261\AnsysEM
PyAEDT INFO: Connected to AEDT gRPC session on port 8841.
PyAEDT INFO: Non-graphical mode detected. Disabling Desktop logs.
PyAEDT INFO: Python version 3.11.15 | packaged by Anaconda, Inc. | (main, Mar 11 2026, 17:12:15) [MSC v.1942 64 bit (AMD64)].
PyAEDT INFO: Parsing C:\ffzhzh\LocalFiles\Ansys_Project_Files\temp_test_TSV_RDL_178_1783475478_46308.aedt.
PyAEDT INFO: PyAEDT version 1.0.1.
PyAEDT INFO: Returning found Desktop session with PID 54296!
PyAEDT INFO: File C:\ffzhzh\LocalFiles\Ansys_Project_Files\temp_test_TSV_RDL_178_1783475478_46308.aedt correctly loaded. Elapsed time: 0m 0sec
PyAEDT INFO: Project temp_test_TSV_RDL_178_1783475478_46308 has been opened.
PyAEDT INFO: Active Design set to TSV_RDL
PyAEDT INFO: AEDT objects correctly read
PyAEDT INFO: Modeler class has been initialized! Elapsed time: 0m 0sec
PyAEDT INFO: Project temp_test_TSV_RDL_178_1783475478_46308 Saved correctly
PyAEDT INFO: Key Desktop/ActiveDSOConfigurations/HFSS correctly changed.
PyAEDT INFO: Solving all design setups. Analysis started...
PyAEDT INFO: Design setup None solved correctly in 0.0h 32.0m 42.0s
PyAEDT INFO: Key Desktop/ActiveDSOConfigurations/HFSS correctly changed.
PyAEDT INFO: Exporting Touchstone C:/ffzhzh/LocalFiles/Ansys_Project_Files/temp_test_TSV_RDL_171_1783473852_33644_SNP/temp_test_TSV_RDL_171_1783473852_33644.s2p
PyAEDT INFO: Touchstone correctly exported to C:/ffzhzh/LocalFiles/Ansys_Project_Files/temp_test_TSV_RDL_171_1783473852_33644_SNP/temp_test_TSV_RDL_171_1783473852_33644.s2p
[test / TSV_RDL - Task 171] simulation completed: C:\ffzhzh\SyncFiles\Temp\HFSS_sim\LHS150_50_Connection2\test\TSV_RDL\dut171.s2p
PyAEDT INFO: Desktop has been released and closed.
[test / TSV_RDL - Task 179] simulation started.
PyAEDT INFO: Python version 3.11.15 | packaged by Anaconda, Inc. | (main, Mar 11 2026, 17:12:15) [MSC v.1942 64 bit (AMD64)].
PyAEDT INFO: PyAEDT version 1.0.1.
PyAEDT INFO: Initializing new Desktop session.
PyAEDT INFO: AEDT version 2026.1.
PyAEDT INFO: New AEDT session is starting on gRPC port 1872.
PyAEDT INFO: Starting new AEDT gRPC session on port 1872.
PyAEDT INFO: Launching AEDT server with gRPC transport mode: TransportMode.WNUA
PyAEDT INFO: Electronics Desktop started on gRPC port 1872 after 6.1 seconds.
PyAEDT INFO: AEDT installation Path C:\Program Files\ANSYS Inc\v261\AnsysEM
PyAEDT INFO: Connected to AEDT gRPC session on port 1872.
PyAEDT INFO: Non-graphical mode detected. Disabling Desktop logs.
PyAEDT INFO: Parsing C:\ffzhzh\LocalFiles\Ansys_Project_Files\temp_test_TSV_RDL_179_1783475844_33644.aedt.
PyAEDT INFO: Python version 3.11.15 | packaged by Anaconda, Inc. | (main, Mar 11 2026, 17:12:15) [MSC v.1942 64 bit (AMD64)].
PyAEDT INFO: PyAEDT version 1.0.1.
PyAEDT INFO: Returning found Desktop session with PID 25292!
PyAEDT INFO: File C:\ffzhzh\LocalFiles\Ansys_Project_Files\temp_test_TSV_RDL_179_1783475844_33644.aedt correctly loaded. Elapsed time: 0m 0sec
PyAEDT INFO: Project temp_test_TSV_RDL_179_1783475844_33644 has been opened.
PyAEDT INFO: Active Design set to TSV_RDL
PyAEDT INFO: AEDT objects correctly read
PyAEDT INFO: Modeler class has been initialized! Elapsed time: 0m 0sec
PyAEDT INFO: Project temp_test_TSV_RDL_179_1783475844_33644 Saved correctly
PyAEDT INFO: Key Desktop/ActiveDSOConfigurations/HFSS correctly changed.
PyAEDT INFO: Solving all design setups. Analysis started...
PyAEDT INFO: Design setup None solved correctly in 0.0h 12.0m 29.0s
PyAEDT INFO: Key Desktop/ActiveDSOConfigurations/HFSS correctly changed.
PyAEDT INFO: Exporting Touchstone C:/ffzhzh/LocalFiles/Ansys_Project_Files/temp_test_TSV_RDL_177_1783475254_48356_SNP/temp_test_TSV_RDL_177_1783475254_48356.s2p
PyAEDT INFO: Touchstone correctly exported to C:/ffzhzh/LocalFiles/Ansys_Project_Files/temp_test_TSV_RDL_177_1783475254_48356_SNP/temp_test_TSV_RDL_177_1783475254_48356.s2p
[test / TSV_RDL - Task 177] simulation completed: C:\ffzhzh\SyncFiles\Temp\HFSS_sim\LHS150_50_Connection2\test\TSV_RDL\dut177.s2p
PyAEDT INFO: Desktop has been released and closed.
[test / TSV_RDL - Task 180] simulation started.
PyAEDT INFO: Python version 3.11.15 | packaged by Anaconda, Inc. | (main, Mar 11 2026, 17:12:15) [MSC v.1942 64 bit (AMD64)].
PyAEDT INFO: PyAEDT version 1.0.1.
PyAEDT INFO: Initializing new Desktop session.
PyAEDT INFO: AEDT version 2026.1.
PyAEDT INFO: New AEDT session is starting on gRPC port 6469.
PyAEDT INFO: Starting new AEDT gRPC session on port 6469.
PyAEDT INFO: Launching AEDT server with gRPC transport mode: TransportMode.WNUA
PyAEDT INFO: Electronics Desktop started on gRPC port 6469 after 4.4 seconds.
PyAEDT INFO: AEDT installation Path C:\Program Files\ANSYS Inc\v261\AnsysEM
PyAEDT INFO: Connected to AEDT gRPC session on port 6469.
PyAEDT INFO: Non-graphical mode detected. Disabling Desktop logs.
PyAEDT INFO: Python version 3.11.15 | packaged by Anaconda, Inc. | (main, Mar 11 2026, 17:12:15) [MSC v.1942 64 bit (AMD64)].
PyAEDT INFO: Parsing C:\ffzhzh\LocalFiles\Ansys_Project_Files\temp_test_TSV_RDL_180_1783476023_48356.aedt.
PyAEDT INFO: PyAEDT version 1.0.1.
PyAEDT INFO: Returning found Desktop session with PID 26184!
PyAEDT INFO: File C:\ffzhzh\LocalFiles\Ansys_Project_Files\temp_test_TSV_RDL_180_1783476023_48356.aedt correctly loaded. Elapsed time: 0m 0sec
PyAEDT INFO: Project temp_test_TSV_RDL_180_1783476023_48356 has been opened.
PyAEDT INFO: Active Design set to TSV_RDL
PyAEDT INFO: AEDT objects correctly read
PyAEDT INFO: Modeler class has been initialized! Elapsed time: 0m 0sec
PyAEDT INFO: Project temp_test_TSV_RDL_180_1783476023_48356 Saved correctly
PyAEDT INFO: Key Desktop/ActiveDSOConfigurations/HFSS correctly changed.
PyAEDT INFO: Solving all design setups. Analysis started...
PyAEDT INFO: Design setup None solved correctly in 0.0h 13.0m 60.0s
PyAEDT INFO: Key Desktop/ActiveDSOConfigurations/HFSS correctly changed.
PyAEDT INFO: Exporting Touchstone C:/ffzhzh/LocalFiles/Ansys_Project_Files/temp_test_TSV_RDL_178_1783475478_46308_SNP/temp_test_TSV_RDL_178_1783475478_46308.s2p
PyAEDT INFO: Touchstone correctly exported to C:/ffzhzh/LocalFiles/Ansys_Project_Files/temp_test_TSV_RDL_178_1783475478_46308_SNP/temp_test_TSV_RDL_178_1783475478_46308.s2p
[test / TSV_RDL - Task 178] simulation completed: C:\ffzhzh\SyncFiles\Temp\HFSS_sim\LHS150_50_Connection2\test\TSV_RDL\dut178.s2p
PyAEDT INFO: Desktop has been released and closed.
[test / TSV_RDL - Task 181] simulation started.
PyAEDT INFO: Python version 3.11.15 | packaged by Anaconda, Inc. | (main, Mar 11 2026, 17:12:15) [MSC v.1942 64 bit (AMD64)].
PyAEDT INFO: PyAEDT version 1.0.1.
PyAEDT INFO: Initializing new Desktop session.
PyAEDT INFO: AEDT version 2026.1.
PyAEDT INFO: New AEDT session is starting on gRPC port 6222.
PyAEDT INFO: Starting new AEDT gRPC session on port 6222.
PyAEDT INFO: Launching AEDT server with gRPC transport mode: TransportMode.WNUA
PyAEDT INFO: Electronics Desktop started on gRPC port 6222 after 5.7 seconds.
PyAEDT INFO: AEDT installation Path C:\Program Files\ANSYS Inc\v261\AnsysEM
PyAEDT INFO: Connected to AEDT gRPC session on port 6222.
PyAEDT INFO: Non-graphical mode detected. Disabling Desktop logs.
PyAEDT INFO: Parsing C:\ffzhzh\LocalFiles\Ansys_Project_Files\temp_test_TSV_RDL_181_1783476337_46308.aedt.
PyAEDT INFO: Python version 3.11.15 | packaged by Anaconda, Inc. | (main, Mar 11 2026, 17:12:15) [MSC v.1942 64 bit (AMD64)].
PyAEDT INFO: PyAEDT version 1.0.1.
PyAEDT INFO: Returning found Desktop session with PID 36552!
PyAEDT INFO: File C:\ffzhzh\LocalFiles\Ansys_Project_Files\temp_test_TSV_RDL_181_1783476337_46308.aedt correctly loaded. Elapsed time: 0m 0sec
PyAEDT INFO: Project temp_test_TSV_RDL_181_1783476337_46308 has been opened.
PyAEDT INFO: Active Design set to TSV_RDL
PyAEDT INFO: AEDT objects correctly read
PyAEDT INFO: Modeler class has been initialized! Elapsed time: 0m 0sec
PyAEDT INFO: Project temp_test_TSV_RDL_181_1783476337_46308 Saved correctly
PyAEDT INFO: Key Desktop/ActiveDSOConfigurations/HFSS correctly changed.
PyAEDT INFO: Solving all design setups. Analysis started...
PyAEDT INFO: Design setup None solved correctly in 0.0h 10.0m 14.0s
PyAEDT INFO: Key Desktop/ActiveDSOConfigurations/HFSS correctly changed.
PyAEDT INFO: Exporting Touchstone C:/ffzhzh/LocalFiles/Ansys_Project_Files/temp_test_TSV_RDL_179_1783475844_33644_SNP/temp_test_TSV_RDL_179_1783475844_33644.s2p
PyAEDT INFO: Touchstone correctly exported to C:/ffzhzh/LocalFiles/Ansys_Project_Files/temp_test_TSV_RDL_179_1783475844_33644_SNP/temp_test_TSV_RDL_179_1783475844_33644.s2p
[test / TSV_RDL - Task 179] simulation completed: C:\ffzhzh\SyncFiles\Temp\HFSS_sim\LHS150_50_Connection2\test\TSV_RDL\dut179.s2p
PyAEDT INFO: Desktop has been released and closed.
[test / TSV_RDL - Task 182] simulation started.
PyAEDT INFO: Python version 3.11.15 | packaged by Anaconda, Inc. | (main, Mar 11 2026, 17:12:15) [MSC v.1942 64 bit (AMD64)].
PyAEDT INFO: PyAEDT version 1.0.1.
PyAEDT INFO: Initializing new Desktop session.
PyAEDT INFO: AEDT version 2026.1.
PyAEDT INFO: New AEDT session is starting on gRPC port 9721.
PyAEDT INFO: Starting new AEDT gRPC session on port 9721.
PyAEDT INFO: Launching AEDT server with gRPC transport mode: TransportMode.WNUA
PyAEDT INFO: Electronics Desktop started on gRPC port 9721 after 5.7 seconds.
PyAEDT INFO: AEDT installation Path C:\Program Files\ANSYS Inc\v261\AnsysEM
PyAEDT INFO: Connected to AEDT gRPC session on port 9721.
PyAEDT INFO: Non-graphical mode detected. Disabling Desktop logs.
PyAEDT INFO: Parsing C:\ffzhzh\LocalFiles\Ansys_Project_Files\temp_test_TSV_RDL_182_1783476478_33644.aedt.
PyAEDT INFO: Python version 3.11.15 | packaged by Anaconda, Inc. | (main, Mar 11 2026, 17:12:15) [MSC v.1942 64 bit (AMD64)].
PyAEDT INFO: PyAEDT version 1.0.1.
PyAEDT INFO: Returning found Desktop session with PID 26232!
PyAEDT INFO: File C:\ffzhzh\LocalFiles\Ansys_Project_Files\temp_test_TSV_RDL_182_1783476478_33644.aedt correctly loaded. Elapsed time: 0m 0sec
PyAEDT INFO: Project temp_test_TSV_RDL_182_1783476478_33644 has been opened.
PyAEDT INFO: Active Design set to TSV_RDL
PyAEDT INFO: AEDT objects correctly read
PyAEDT INFO: Modeler class has been initialized! Elapsed time: 0m 0sec
PyAEDT INFO: Project temp_test_TSV_RDL_182_1783476478_33644 Saved correctly
PyAEDT INFO: Key Desktop/ActiveDSOConfigurations/HFSS correctly changed.
PyAEDT INFO: Solving all design setups. Analysis started...
PyAEDT INFO: Design setup None solved correctly in 0.0h 8.0m 38.0s
PyAEDT INFO: Key Desktop/ActiveDSOConfigurations/HFSS correctly changed.
PyAEDT INFO: Exporting Touchstone C:/ffzhzh/LocalFiles/Ansys_Project_Files/temp_test_TSV_RDL_182_1783476478_33644_SNP/temp_test_TSV_RDL_182_1783476478_33644.s2p
PyAEDT INFO: Touchstone correctly exported to C:/ffzhzh/LocalFiles/Ansys_Project_Files/temp_test_TSV_RDL_182_1783476478_33644_SNP/temp_test_TSV_RDL_182_1783476478_33644.s2p
[test / TSV_RDL - Task 182] simulation completed: C:\ffzhzh\SyncFiles\Temp\HFSS_sim\LHS150_50_Connection2\test\TSV_RDL\dut182.s2p
PyAEDT INFO: Desktop has been released and closed.
[test / TSV_RDL - Task 183] simulation started.
PyAEDT INFO: Python version 3.11.15 | packaged by Anaconda, Inc. | (main, Mar 11 2026, 17:12:15) [MSC v.1942 64 bit (AMD64)].
PyAEDT INFO: PyAEDT version 1.0.1.
PyAEDT INFO: Initializing new Desktop session.
PyAEDT INFO: AEDT version 2026.1.
PyAEDT INFO: New AEDT session is starting on gRPC port 6967.
PyAEDT INFO: Starting new AEDT gRPC session on port 6967.
PyAEDT INFO: Launching AEDT server with gRPC transport mode: TransportMode.WNUA
PyAEDT INFO: Electronics Desktop started on gRPC port 6967 after 6.0 seconds.
PyAEDT INFO: AEDT installation Path C:\Program Files\ANSYS Inc\v261\AnsysEM
PyAEDT INFO: Connected to AEDT gRPC session on port 6967.
PyAEDT INFO: Non-graphical mode detected. Disabling Desktop logs.
PyAEDT INFO: Parsing C:\ffzhzh\LocalFiles\Ansys_Project_Files\temp_test_TSV_RDL_183_1783477021_33644.aedt.
PyAEDT INFO: Python version 3.11.15 | packaged by Anaconda, Inc. | (main, Mar 11 2026, 17:12:15) [MSC v.1942 64 bit (AMD64)].
PyAEDT INFO: PyAEDT version 1.0.1.
PyAEDT INFO: Returning found Desktop session with PID 30432!
PyAEDT INFO: File C:\ffzhzh\LocalFiles\Ansys_Project_Files\temp_test_TSV_RDL_183_1783477021_33644.aedt correctly loaded. Elapsed time: 0m 0sec
PyAEDT INFO: Project temp_test_TSV_RDL_183_1783477021_33644 has been opened.
PyAEDT INFO: Active Design set to TSV_RDL
PyAEDT INFO: AEDT objects correctly read
PyAEDT INFO: Modeler class has been initialized! Elapsed time: 0m 0sec
PyAEDT INFO: Project temp_test_TSV_RDL_183_1783477021_33644 Saved correctly
PyAEDT INFO: Key Desktop/ActiveDSOConfigurations/HFSS correctly changed.
PyAEDT INFO: Solving all design setups. Analysis started...
PyAEDT INFO: Design setup None solved correctly in 0.0h 11.0m 26.0s
PyAEDT INFO: Key Desktop/ActiveDSOConfigurations/HFSS correctly changed.
PyAEDT INFO: Exporting Touchstone C:/ffzhzh/LocalFiles/Ansys_Project_Files/temp_test_TSV_RDL_181_1783476337_46308_SNP/temp_test_TSV_RDL_181_1783476337_46308.s2p
PyAEDT INFO: Touchstone correctly exported to C:/ffzhzh/LocalFiles/Ansys_Project_Files/temp_test_TSV_RDL_181_1783476337_46308_SNP/temp_test_TSV_RDL_181_1783476337_46308.s2p
[test / TSV_RDL - Task 181] simulation completed: C:\ffzhzh\SyncFiles\Temp\HFSS_sim\LHS150_50_Connection2\test\TSV_RDL\dut181.s2p
PyAEDT INFO: Desktop has been released and closed.
[test / TSV_RDL - Task 184] simulation started.
PyAEDT INFO: Python version 3.11.15 | packaged by Anaconda, Inc. | (main, Mar 11 2026, 17:12:15) [MSC v.1942 64 bit (AMD64)].
PyAEDT INFO: PyAEDT version 1.0.1.
PyAEDT INFO: Initializing new Desktop session.
PyAEDT INFO: AEDT version 2026.1.
PyAEDT INFO: New AEDT session is starting on gRPC port 9584.
PyAEDT INFO: Starting new AEDT gRPC session on port 9584.
PyAEDT INFO: Launching AEDT server with gRPC transport mode: TransportMode.WNUA
PyAEDT INFO: Electronics Desktop started on gRPC port 9584 after 4.3 seconds.
PyAEDT INFO: AEDT installation Path C:\Program Files\ANSYS Inc\v261\AnsysEM
PyAEDT INFO: Connected to AEDT gRPC session on port 9584.
PyAEDT INFO: Non-graphical mode detected. Disabling Desktop logs.
PyAEDT INFO: Parsing C:\ffzhzh\LocalFiles\Ansys_Project_Files\temp_test_TSV_RDL_184_1783477046_46308.aedt.
PyAEDT INFO: Python version 3.11.15 | packaged by Anaconda, Inc. | (main, Mar 11 2026, 17:12:15) [MSC v.1942 64 bit (AMD64)].
PyAEDT INFO: PyAEDT version 1.0.1.
PyAEDT INFO: Returning found Desktop session with PID 49476!
PyAEDT INFO: File C:\ffzhzh\LocalFiles\Ansys_Project_Files\temp_test_TSV_RDL_184_1783477046_46308.aedt correctly loaded. Elapsed time: 0m 0sec
PyAEDT INFO: Project temp_test_TSV_RDL_184_1783477046_46308 has been opened.
PyAEDT INFO: Active Design set to TSV_RDL
PyAEDT INFO: AEDT objects correctly read
PyAEDT INFO: Modeler class has been initialized! Elapsed time: 0m 0sec
PyAEDT INFO: Project temp_test_TSV_RDL_184_1783477046_46308 Saved correctly
PyAEDT INFO: Key Desktop/ActiveDSOConfigurations/HFSS correctly changed.
PyAEDT INFO: Solving all design setups. Analysis started...
PyAEDT INFO: Design setup None solved correctly in 0.0h 7.0m 3.0s
PyAEDT INFO: Key Desktop/ActiveDSOConfigurations/HFSS correctly changed.
PyAEDT INFO: Exporting Touchstone C:/ffzhzh/LocalFiles/Ansys_Project_Files/temp_test_TSV_RDL_183_1783477021_33644_SNP/temp_test_TSV_RDL_183_1783477021_33644.s2p
PyAEDT INFO: Touchstone correctly exported to C:/ffzhzh/LocalFiles/Ansys_Project_Files/temp_test_TSV_RDL_183_1783477021_33644_SNP/temp_test_TSV_RDL_183_1783477021_33644.s2p
PyAEDT INFO: Solving all design setups. Analysis started...
PyAEDT INFO: Design setup None solved correctly in 0.0h 6.0m 42.0s
PyAEDT INFO: Key Desktop/ActiveDSOConfigurations/HFSS correctly changed.
PyAEDT INFO: Exporting Touchstone C:/ffzhzh/LocalFiles/Ansys_Project_Files/temp_test_TSV_RDL_184_1783477046_46308_SNP/temp_test_TSV_RDL_184_1783477046_46308.s2p
PyAEDT INFO: Touchstone correctly exported to C:/ffzhzh/LocalFiles/Ansys_Project_Files/temp_test_TSV_RDL_184_1783477046_46308_SNP/temp_test_TSV_RDL_184_1783477046_46308.s2p
[test / TSV_RDL - Task 184] simulation completed: C:\ffzhzh\SyncFiles\Temp\HFSS_sim\LHS150_50_Connection2\test\TSV_RDL\dut184.s2p
PyAEDT INFO: Desktop has been released and closed.
[test / TSV_RDL - Task 185] simulation started.
PyAEDT INFO: Python version 3.11.15 | packaged by Anaconda, Inc. | (main, Mar 11 2026, 17:12:15) [MSC v.1942 64 bit (AMD64)].
PyAEDT INFO: PyAEDT version 1.0.1.
PyAEDT INFO: Initializing new Desktop session.
PyAEDT INFO: AEDT version 2026.1.
PyAEDT INFO: New AEDT session is starting on gRPC port 13139.
PyAEDT INFO: Starting new AEDT gRPC session on port 13139.
PyAEDT INFO: Launching AEDT server with gRPC transport mode: TransportMode.WNUA
[test / TSV_RDL - Task 183] simulation completed: C:\ffzhzh\SyncFiles\Temp\HFSS_sim\LHS150_50_Connection2\test\TSV_RDL\dut183.s2p
PyAEDT INFO: Desktop has been released and closed.
[test / TSV_RDL - Task 186] simulation started.
PyAEDT INFO: Python version 3.11.15 | packaged by Anaconda, Inc. | (main, Mar 11 2026, 17:12:15) [MSC v.1942 64 bit (AMD64)].
PyAEDT INFO: PyAEDT version 1.0.1.
PyAEDT INFO: Initializing new Desktop session.
PyAEDT INFO: AEDT version 2026.1.
PyAEDT INFO: New AEDT session is starting on gRPC port 13239.
PyAEDT INFO: Starting new AEDT gRPC session on port 13239.
PyAEDT INFO: Launching AEDT server with gRPC transport mode: TransportMode.WNUA
PyAEDT INFO: Electronics Desktop started on gRPC port 13139 after 5.8 seconds.
PyAEDT INFO: AEDT installation Path C:\Program Files\ANSYS Inc\v261\AnsysEM
PyAEDT INFO: Connected to AEDT gRPC session on port 13139.
PyAEDT INFO: Non-graphical mode detected. Disabling Desktop logs.
PyAEDT INFO: Parsing C:\ffzhzh\LocalFiles\Ansys_Project_Files\temp_test_TSV_RDL_185_1783477462_46308.aedt.
PyAEDT INFO: Python version 3.11.15 | packaged by Anaconda, Inc. | (main, Mar 11 2026, 17:12:15) [MSC v.1942 64 bit (AMD64)].
PyAEDT INFO: PyAEDT version 1.0.1.
PyAEDT INFO: Returning found Desktop session with PID 1580!
PyAEDT INFO: File C:\ffzhzh\LocalFiles\Ansys_Project_Files\temp_test_TSV_RDL_185_1783477462_46308.aedt correctly loaded. Elapsed time: 0m 0sec
PyAEDT INFO: Project temp_test_TSV_RDL_185_1783477462_46308 has been opened.
PyAEDT INFO: Active Design set to TSV_RDL
PyAEDT INFO: AEDT objects correctly read
PyAEDT INFO: Modeler class has been initialized! Elapsed time: 0m 0sec
PyAEDT INFO: Electronics Desktop started on gRPC port 13239 after 4.5 seconds.
PyAEDT INFO: AEDT installation Path C:\Program Files\ANSYS Inc\v261\AnsysEM
PyAEDT INFO: Connected to AEDT gRPC session on port 13239.
PyAEDT INFO: Non-graphical mode detected. Disabling Desktop logs.
PyAEDT INFO: Parsing C:\ffzhzh\LocalFiles\Ansys_Project_Files\temp_test_TSV_RDL_186_1783477466_33644.aedt.
PyAEDT INFO: Python version 3.11.15 | packaged by Anaconda, Inc. | (main, Mar 11 2026, 17:12:15) [MSC v.1942 64 bit (AMD64)].
PyAEDT INFO: PyAEDT version 1.0.1.
PyAEDT INFO: Returning found Desktop session with PID 44724!
PyAEDT INFO: File C:\ffzhzh\LocalFiles\Ansys_Project_Files\temp_test_TSV_RDL_186_1783477466_33644.aedt correctly loaded. Elapsed time: 0m 0sec
PyAEDT INFO: Project temp_test_TSV_RDL_186_1783477466_33644 has been opened.
PyAEDT INFO: Project temp_test_TSV_RDL_185_1783477462_46308 Saved correctly
PyAEDT INFO: Key Desktop/ActiveDSOConfigurations/HFSS correctly changed.
PyAEDT INFO: Active Design set to TSV_RDL
PyAEDT INFO: AEDT objects correctly read
PyAEDT INFO: Modeler class has been initialized! Elapsed time: 0m 0sec
PyAEDT INFO: Project temp_test_TSV_RDL_186_1783477466_33644 Saved correctly
PyAEDT INFO: Key Desktop/ActiveDSOConfigurations/HFSS correctly changed.
PyAEDT INFO: Solving all design setups. Analysis started...
PyAEDT INFO: Design setup None solved correctly in 0.0h 28.0m 8.0s
PyAEDT INFO: Key Desktop/ActiveDSOConfigurations/HFSS correctly changed.
PyAEDT INFO: Exporting Touchstone C:/ffzhzh/LocalFiles/Ansys_Project_Files/temp_test_TSV_RDL_180_1783476023_48356_SNP/temp_test_TSV_RDL_180_1783476023_48356.s2p
PyAEDT INFO: Touchstone correctly exported to C:/ffzhzh/LocalFiles/Ansys_Project_Files/temp_test_TSV_RDL_180_1783476023_48356_SNP/temp_test_TSV_RDL_180_1783476023_48356.s2p
[test / TSV_RDL - Task 180] simulation completed: C:\ffzhzh\SyncFiles\Temp\HFSS_sim\LHS150_50_Connection2\test\TSV_RDL\dut180.s2p
PyAEDT INFO: Desktop has been released and closed.
[test / TSV_RDL - Task 187] simulation started.
PyAEDT INFO: Python version 3.11.15 | packaged by Anaconda, Inc. | (main, Mar 11 2026, 17:12:15) [MSC v.1942 64 bit (AMD64)].
PyAEDT INFO: PyAEDT version 1.0.1.
PyAEDT INFO: Initializing new Desktop session.
PyAEDT INFO: AEDT version 2026.1.
PyAEDT INFO: New AEDT session is starting on gRPC port 1118.
PyAEDT INFO: Starting new AEDT gRPC session on port 1118.
PyAEDT INFO: Launching AEDT server with gRPC transport mode: TransportMode.WNUA
PyAEDT INFO: Electronics Desktop started on gRPC port 1118 after 6.2 seconds.
PyAEDT INFO: AEDT installation Path C:\Program Files\ANSYS Inc\v261\AnsysEM
PyAEDT INFO: Connected to AEDT gRPC session on port 1118.
PyAEDT INFO: Non-graphical mode detected. Disabling Desktop logs.
PyAEDT INFO: Parsing C:\ffzhzh\LocalFiles\Ansys_Project_Files\temp_test_TSV_RDL_187_1783477730_48356.aedt.
PyAEDT INFO: Python version 3.11.15 | packaged by Anaconda, Inc. | (main, Mar 11 2026, 17:12:15) [MSC v.1942 64 bit (AMD64)].
PyAEDT INFO: PyAEDT version 1.0.1.
PyAEDT INFO: Returning found Desktop session with PID 54620!
PyAEDT INFO: File C:\ffzhzh\LocalFiles\Ansys_Project_Files\temp_test_TSV_RDL_187_1783477730_48356.aedt correctly loaded. Elapsed time: 0m 0sec
PyAEDT INFO: Project temp_test_TSV_RDL_187_1783477730_48356 has been opened.
PyAEDT INFO: Active Design set to TSV_RDL
PyAEDT INFO: AEDT objects correctly read
PyAEDT INFO: Modeler class has been initialized! Elapsed time: 0m 0sec
PyAEDT INFO: Project temp_test_TSV_RDL_187_1783477730_48356 Saved correctly
PyAEDT INFO: Key Desktop/ActiveDSOConfigurations/HFSS correctly changed.
PyAEDT INFO: Solving all design setups. Analysis started...
PyAEDT INFO: Design setup None solved correctly in 0.0h 10.0m 5.0s
PyAEDT INFO: Key Desktop/ActiveDSOConfigurations/HFSS correctly changed.
PyAEDT INFO: Exporting Touchstone C:/ffzhzh/LocalFiles/Ansys_Project_Files/temp_test_TSV_RDL_185_1783477462_46308_SNP/temp_test_TSV_RDL_185_1783477462_46308.s2p
PyAEDT INFO: Touchstone correctly exported to C:/ffzhzh/LocalFiles/Ansys_Project_Files/temp_test_TSV_RDL_185_1783477462_46308_SNP/temp_test_TSV_RDL_185_1783477462_46308.s2p
[test / TSV_RDL - Task 185] simulation completed: C:\ffzhzh\SyncFiles\Temp\HFSS_sim\LHS150_50_Connection2\test\TSV_RDL\dut185.s2p
PyAEDT INFO: Desktop has been released and closed.
[test / TSV_RDL - Task 188] simulation started.
PyAEDT INFO: Python version 3.11.15 | packaged by Anaconda, Inc. | (main, Mar 11 2026, 17:12:15) [MSC v.1942 64 bit (AMD64)].
PyAEDT INFO: PyAEDT version 1.0.1.
PyAEDT INFO: Initializing new Desktop session.
PyAEDT INFO: AEDT version 2026.1.
PyAEDT INFO: New AEDT session is starting on gRPC port 3029.
PyAEDT INFO: Starting new AEDT gRPC session on port 3029.
PyAEDT INFO: Launching AEDT server with gRPC transport mode: TransportMode.WNUA
PyAEDT INFO: Electronics Desktop started on gRPC port 3029 after 4.7 seconds.
PyAEDT INFO: AEDT installation Path C:\Program Files\ANSYS Inc\v261\AnsysEM
PyAEDT INFO: Connected to AEDT gRPC session on port 3029.
PyAEDT INFO: Non-graphical mode detected. Disabling Desktop logs.
PyAEDT INFO: Parsing C:\ffzhzh\LocalFiles\Ansys_Project_Files\temp_test_TSV_RDL_188_1783478084_46308.aedt.
PyAEDT INFO: Python version 3.11.15 | packaged by Anaconda, Inc. | (main, Mar 11 2026, 17:12:15) [MSC v.1942 64 bit (AMD64)].
PyAEDT INFO: PyAEDT version 1.0.1.
PyAEDT INFO: Returning found Desktop session with PID 50316!
PyAEDT INFO: File C:\ffzhzh\LocalFiles\Ansys_Project_Files\temp_test_TSV_RDL_188_1783478084_46308.aedt correctly loaded. Elapsed time: 0m 0sec
PyAEDT INFO: Project temp_test_TSV_RDL_188_1783478084_46308 has been opened.
PyAEDT INFO: Active Design set to TSV_RDL
PyAEDT INFO: AEDT objects correctly read
PyAEDT INFO: Modeler class has been initialized! Elapsed time: 0m 0sec
PyAEDT INFO: Project temp_test_TSV_RDL_188_1783478084_46308 Saved correctly
PyAEDT INFO: Key Desktop/ActiveDSOConfigurations/HFSS correctly changed.
PyAEDT INFO: Solving all design setups. Analysis started...
PyAEDT INFO: Design setup None solved correctly in 0.0h 10.0m 45.0s
PyAEDT INFO: Key Desktop/ActiveDSOConfigurations/HFSS correctly changed.
PyAEDT INFO: Exporting Touchstone C:/ffzhzh/LocalFiles/Ansys_Project_Files/temp_test_TSV_RDL_186_1783477466_33644_SNP/temp_test_TSV_RDL_186_1783477466_33644.s2p
PyAEDT INFO: Touchstone correctly exported to C:/ffzhzh/LocalFiles/Ansys_Project_Files/temp_test_TSV_RDL_186_1783477466_33644_SNP/temp_test_TSV_RDL_186_1783477466_33644.s2p
[test / TSV_RDL - Task 186] simulation completed: C:\ffzhzh\SyncFiles\Temp\HFSS_sim\LHS150_50_Connection2\test\TSV_RDL\dut186.s2p
PyAEDT INFO: Desktop has been released and closed.
[test / TSV_RDL - Task 189] simulation started.
PyAEDT INFO: Python version 3.11.15 | packaged by Anaconda, Inc. | (main, Mar 11 2026, 17:12:15) [MSC v.1942 64 bit (AMD64)].
PyAEDT INFO: PyAEDT version 1.0.1.
PyAEDT INFO: Initializing new Desktop session.
PyAEDT INFO: AEDT version 2026.1.
PyAEDT INFO: New AEDT session is starting on gRPC port 10831.
PyAEDT INFO: Starting new AEDT gRPC session on port 10831.
PyAEDT INFO: Launching AEDT server with gRPC transport mode: TransportMode.WNUA
PyAEDT INFO: Electronics Desktop started on gRPC port 10831 after 4.4 seconds.
PyAEDT INFO: AEDT installation Path C:\Program Files\ANSYS Inc\v261\AnsysEM
PyAEDT INFO: Connected to AEDT gRPC session on port 10831.
PyAEDT INFO: Non-graphical mode detected. Disabling Desktop logs.
PyAEDT INFO: Parsing C:\ffzhzh\LocalFiles\Ansys_Project_Files\temp_test_TSV_RDL_189_1783478128_33644.aedt.
PyAEDT INFO: Python version 3.11.15 | packaged by Anaconda, Inc. | (main, Mar 11 2026, 17:12:15) [MSC v.1942 64 bit (AMD64)].
PyAEDT INFO: PyAEDT version 1.0.1.
PyAEDT INFO: Returning found Desktop session with PID 32008!
PyAEDT INFO: File C:\ffzhzh\LocalFiles\Ansys_Project_Files\temp_test_TSV_RDL_189_1783478128_33644.aedt correctly loaded. Elapsed time: 0m 0sec
PyAEDT INFO: Project temp_test_TSV_RDL_189_1783478128_33644 has been opened.
PyAEDT INFO: Active Design set to TSV_RDL
PyAEDT INFO: AEDT objects correctly read
PyAEDT INFO: Modeler class has been initialized! Elapsed time: 0m 0sec
PyAEDT INFO: Project temp_test_TSV_RDL_189_1783478128_33644 Saved correctly
PyAEDT INFO: Key Desktop/ActiveDSOConfigurations/HFSS correctly changed.
PyAEDT INFO: Solving all design setups. Analysis started...
PyAEDT INFO: Design setup None solved correctly in 0.0h 8.0m 50.0s
PyAEDT INFO: Key Desktop/ActiveDSOConfigurations/HFSS correctly changed.
PyAEDT INFO: Exporting Touchstone C:/ffzhzh/LocalFiles/Ansys_Project_Files/temp_test_TSV_RDL_187_1783477730_48356_SNP/temp_test_TSV_RDL_187_1783477730_48356.s2p
PyAEDT INFO: Touchstone correctly exported to C:/ffzhzh/LocalFiles/Ansys_Project_Files/temp_test_TSV_RDL_187_1783477730_48356_SNP/temp_test_TSV_RDL_187_1783477730_48356.s2p
[test / TSV_RDL - Task 187] simulation completed: C:\ffzhzh\SyncFiles\Temp\HFSS_sim\LHS150_50_Connection2\test\TSV_RDL\dut187.s2p
PyAEDT INFO: Desktop has been released and closed.
[test / TSV_RDL - Task 190] simulation started.
PyAEDT INFO: Python version 3.11.15 | packaged by Anaconda, Inc. | (main, Mar 11 2026, 17:12:15) [MSC v.1942 64 bit (AMD64)].
PyAEDT INFO: PyAEDT version 1.0.1.
PyAEDT INFO: Initializing new Desktop session.
PyAEDT INFO: AEDT version 2026.1.
PyAEDT INFO: New AEDT session is starting on gRPC port 13951.
PyAEDT INFO: Starting new AEDT gRPC session on port 13951.
PyAEDT INFO: Launching AEDT server with gRPC transport mode: TransportMode.WNUA
PyAEDT INFO: Electronics Desktop started on gRPC port 13951 after 4.6 seconds.
PyAEDT INFO: AEDT installation Path C:\Program Files\ANSYS Inc\v261\AnsysEM
PyAEDT INFO: Connected to AEDT gRPC session on port 13951.
PyAEDT INFO: Non-graphical mode detected. Disabling Desktop logs.
PyAEDT INFO: Parsing C:\ffzhzh\LocalFiles\Ansys_Project_Files\temp_test_TSV_RDL_190_1783478280_48356.aedt.
PyAEDT INFO: Python version 3.11.15 | packaged by Anaconda, Inc. | (main, Mar 11 2026, 17:12:15) [MSC v.1942 64 bit (AMD64)].
PyAEDT INFO: PyAEDT version 1.0.1.
PyAEDT INFO: Returning found Desktop session with PID 25360!
PyAEDT INFO: File C:\ffzhzh\LocalFiles\Ansys_Project_Files\temp_test_TSV_RDL_190_1783478280_48356.aedt correctly loaded. Elapsed time: 0m 0sec
PyAEDT INFO: Project temp_test_TSV_RDL_190_1783478280_48356 has been opened.
PyAEDT INFO: Active Design set to TSV_RDL
PyAEDT INFO: AEDT objects correctly read
PyAEDT INFO: Modeler class has been initialized! Elapsed time: 0m 0sec
PyAEDT INFO: Project temp_test_TSV_RDL_190_1783478280_48356 Saved correctly
PyAEDT INFO: Key Desktop/ActiveDSOConfigurations/HFSS correctly changed.
PyAEDT INFO: Solving all design setups. Analysis started...
PyAEDT INFO: Design setup None solved correctly in 0.0h 10.0m 5.0s
PyAEDT INFO: Key Desktop/ActiveDSOConfigurations/HFSS correctly changed.
PyAEDT INFO: Exporting Touchstone C:/ffzhzh/LocalFiles/Ansys_Project_Files/temp_test_TSV_RDL_188_1783478084_46308_SNP/temp_test_TSV_RDL_188_1783478084_46308.s2p
PyAEDT INFO: Touchstone correctly exported to C:/ffzhzh/LocalFiles/Ansys_Project_Files/temp_test_TSV_RDL_188_1783478084_46308_SNP/temp_test_TSV_RDL_188_1783478084_46308.s2p
[test / TSV_RDL - Task 188] simulation completed: C:\ffzhzh\SyncFiles\Temp\HFSS_sim\LHS150_50_Connection2\test\TSV_RDL\dut188.s2p
PyAEDT INFO: Desktop has been released and closed.
[test / TSV_RDL - Task 191] simulation started.
PyAEDT INFO: Python version 3.11.15 | packaged by Anaconda, Inc. | (main, Mar 11 2026, 17:12:15) [MSC v.1942 64 bit (AMD64)].
PyAEDT INFO: PyAEDT version 1.0.1.
PyAEDT INFO: Initializing new Desktop session.
PyAEDT INFO: AEDT version 2026.1.
PyAEDT INFO: New AEDT session is starting on gRPC port 13119.
PyAEDT INFO: Starting new AEDT gRPC session on port 13119.
PyAEDT INFO: Launching AEDT server with gRPC transport mode: TransportMode.WNUA
PyAEDT INFO: Electronics Desktop started on gRPC port 13119 after 6.0 seconds.
PyAEDT INFO: AEDT installation Path C:\Program Files\ANSYS Inc\v261\AnsysEM
PyAEDT INFO: Connected to AEDT gRPC session on port 13119.
PyAEDT INFO: Non-graphical mode detected. Disabling Desktop logs.
PyAEDT INFO: Python version 3.11.15 | packaged by Anaconda, Inc. | (main, Mar 11 2026, 17:12:15) [MSC v.1942 64 bit (AMD64)].
PyAEDT INFO: Parsing C:\ffzhzh\LocalFiles\Ansys_Project_Files\temp_test_TSV_RDL_191_1783478710_46308.aedt.
PyAEDT INFO: PyAEDT version 1.0.1.
PyAEDT INFO: Returning found Desktop session with PID 15600!
PyAEDT INFO: File C:\ffzhzh\LocalFiles\Ansys_Project_Files\temp_test_TSV_RDL_191_1783478710_46308.aedt correctly loaded. Elapsed time: 0m 0sec
PyAEDT INFO: Project temp_test_TSV_RDL_191_1783478710_46308 has been opened.
PyAEDT INFO: Active Design set to TSV_RDL
PyAEDT INFO: AEDT objects correctly read
PyAEDT INFO: Modeler class has been initialized! Elapsed time: 0m 0sec
PyAEDT INFO: Project temp_test_TSV_RDL_191_1783478710_46308 Saved correctly
PyAEDT INFO: Key Desktop/ActiveDSOConfigurations/HFSS correctly changed.
PyAEDT INFO: Solving all design setups. Analysis started...
PyAEDT INFO: Design setup None solved correctly in 0.0h 10.0m 1.0s
PyAEDT INFO: Key Desktop/ActiveDSOConfigurations/HFSS correctly changed.
PyAEDT INFO: Exporting Touchstone C:/ffzhzh/LocalFiles/Ansys_Project_Files/temp_test_TSV_RDL_189_1783478128_33644_SNP/temp_test_TSV_RDL_189_1783478128_33644.s2p
PyAEDT INFO: Touchstone correctly exported to C:/ffzhzh/LocalFiles/Ansys_Project_Files/temp_test_TSV_RDL_189_1783478128_33644_SNP/temp_test_TSV_RDL_189_1783478128_33644.s2p
[test / TSV_RDL - Task 189] simulation completed: C:\ffzhzh\SyncFiles\Temp\HFSS_sim\LHS150_50_Connection2\test\TSV_RDL\dut189.s2p
PyAEDT INFO: Desktop has been released and closed.
[test / TSV_RDL - Task 192] simulation started.
PyAEDT INFO: Python version 3.11.15 | packaged by Anaconda, Inc. | (main, Mar 11 2026, 17:12:15) [MSC v.1942 64 bit (AMD64)].
PyAEDT INFO: PyAEDT version 1.0.1.
PyAEDT INFO: Initializing new Desktop session.
PyAEDT INFO: AEDT version 2026.1.
PyAEDT INFO: New AEDT session is starting on gRPC port 14416.
PyAEDT INFO: Starting new AEDT gRPC session on port 14416.
PyAEDT INFO: Launching AEDT server with gRPC transport mode: TransportMode.WNUA
PyAEDT INFO: Electronics Desktop started on gRPC port 14416 after 4.5 seconds.
PyAEDT INFO: AEDT installation Path C:\Program Files\ANSYS Inc\v261\AnsysEM
PyAEDT INFO: Connected to AEDT gRPC session on port 14416.
PyAEDT INFO: Non-graphical mode detected. Disabling Desktop logs.
PyAEDT INFO: Parsing C:\ffzhzh\LocalFiles\Ansys_Project_Files\temp_test_TSV_RDL_192_1783478748_33644.aedt.
PyAEDT INFO: Python version 3.11.15 | packaged by Anaconda, Inc. | (main, Mar 11 2026, 17:12:15) [MSC v.1942 64 bit (AMD64)].
PyAEDT INFO: PyAEDT version 1.0.1.
PyAEDT INFO: Returning found Desktop session with PID 52184!
PyAEDT INFO: File C:\ffzhzh\LocalFiles\Ansys_Project_Files\temp_test_TSV_RDL_192_1783478748_33644.aedt correctly loaded. Elapsed time: 0m 0sec
PyAEDT INFO: Project temp_test_TSV_RDL_192_1783478748_33644 has been opened.
PyAEDT INFO: Active Design set to TSV_RDL
PyAEDT INFO: AEDT objects correctly read
PyAEDT INFO: Modeler class has been initialized! Elapsed time: 0m 0sec
PyAEDT INFO: Project temp_test_TSV_RDL_192_1783478748_33644 Saved correctly
PyAEDT INFO: Key Desktop/ActiveDSOConfigurations/HFSS correctly changed.
PyAEDT INFO: Solving all design setups. Analysis started...
PyAEDT INFO: Design setup None solved correctly in 0.0h 9.0m 11.0s
PyAEDT INFO: Key Desktop/ActiveDSOConfigurations/HFSS correctly changed.
PyAEDT INFO: Exporting Touchstone C:/ffzhzh/LocalFiles/Ansys_Project_Files/temp_test_TSV_RDL_191_1783478710_46308_SNP/temp_test_TSV_RDL_191_1783478710_46308.s2p
PyAEDT INFO: Touchstone correctly exported to C:/ffzhzh/LocalFiles/Ansys_Project_Files/temp_test_TSV_RDL_191_1783478710_46308_SNP/temp_test_TSV_RDL_191_1783478710_46308.s2p
[test / TSV_RDL - Task 191] simulation completed: C:\ffzhzh\SyncFiles\Temp\HFSS_sim\LHS150_50_Connection2\test\TSV_RDL\dut191.s2p
PyAEDT INFO: Desktop has been released and closed.
[test / TSV_RDL - Task 193] simulation started.
PyAEDT INFO: Python version 3.11.15 | packaged by Anaconda, Inc. | (main, Mar 11 2026, 17:12:15) [MSC v.1942 64 bit (AMD64)].
PyAEDT INFO: PyAEDT version 1.0.1.
PyAEDT INFO: Initializing new Desktop session.
PyAEDT INFO: AEDT version 2026.1.
PyAEDT INFO: New AEDT session is starting on gRPC port 11502.
PyAEDT INFO: Starting new AEDT gRPC session on port 11502.
PyAEDT INFO: Launching AEDT server with gRPC transport mode: TransportMode.WNUA
PyAEDT INFO: Electronics Desktop started on gRPC port 11502 after 6.1 seconds.
PyAEDT INFO: AEDT installation Path C:\Program Files\ANSYS Inc\v261\AnsysEM
PyAEDT INFO: Connected to AEDT gRPC session on port 11502.
PyAEDT INFO: Non-graphical mode detected. Disabling Desktop logs.
PyAEDT INFO: Python version 3.11.15 | packaged by Anaconda, Inc. | (main, Mar 11 2026, 17:12:15) [MSC v.1942 64 bit (AMD64)].
PyAEDT INFO: Parsing C:\ffzhzh\LocalFiles\Ansys_Project_Files\temp_test_TSV_RDL_193_1783479283_46308.aedt.
PyAEDT INFO: PyAEDT version 1.0.1.
PyAEDT INFO: Returning found Desktop session with PID 6060!
PyAEDT INFO: File C:\ffzhzh\LocalFiles\Ansys_Project_Files\temp_test_TSV_RDL_193_1783479283_46308.aedt correctly loaded. Elapsed time: 0m 0sec
PyAEDT INFO: Project temp_test_TSV_RDL_193_1783479283_46308 has been opened.
PyAEDT INFO: Active Design set to TSV_RDL
PyAEDT INFO: AEDT objects correctly read
PyAEDT INFO: Modeler class has been initialized! Elapsed time: 0m 0sec
PyAEDT INFO: Project temp_test_TSV_RDL_193_1783479283_46308 Saved correctly
PyAEDT INFO: Key Desktop/ActiveDSOConfigurations/HFSS correctly changed.
PyAEDT INFO: Solving all design setups. Analysis started...
PyAEDT INFO: Design setup None solved correctly in 0.0h 9.0m 8.0s
PyAEDT INFO: Key Desktop/ActiveDSOConfigurations/HFSS correctly changed.
PyAEDT INFO: Exporting Touchstone C:/ffzhzh/LocalFiles/Ansys_Project_Files/temp_test_TSV_RDL_192_1783478748_33644_SNP/temp_test_TSV_RDL_192_1783478748_33644.s2p
PyAEDT INFO: Touchstone correctly exported to C:/ffzhzh/LocalFiles/Ansys_Project_Files/temp_test_TSV_RDL_192_1783478748_33644_SNP/temp_test_TSV_RDL_192_1783478748_33644.s2p
[test / TSV_RDL - Task 192] simulation completed: C:\ffzhzh\SyncFiles\Temp\HFSS_sim\LHS150_50_Connection2\test\TSV_RDL\dut192.s2p
PyAEDT INFO: Desktop has been released and closed.
[test / TSV_RDL - Task 194] simulation started.
PyAEDT INFO: Python version 3.11.15 | packaged by Anaconda, Inc. | (main, Mar 11 2026, 17:12:15) [MSC v.1942 64 bit (AMD64)].
PyAEDT INFO: PyAEDT version 1.0.1.
PyAEDT INFO: Initializing new Desktop session.
PyAEDT INFO: AEDT version 2026.1.
PyAEDT INFO: New AEDT session is starting on gRPC port 13276.
PyAEDT INFO: Starting new AEDT gRPC session on port 13276.
PyAEDT INFO: Launching AEDT server with gRPC transport mode: TransportMode.WNUA
PyAEDT INFO: Electronics Desktop started on gRPC port 13276 after 4.7 seconds.
PyAEDT INFO: AEDT installation Path C:\Program Files\ANSYS Inc\v261\AnsysEM
PyAEDT INFO: Connected to AEDT gRPC session on port 13276.
PyAEDT INFO: Non-graphical mode detected. Disabling Desktop logs.
PyAEDT INFO: Parsing C:\ffzhzh\LocalFiles\Ansys_Project_Files\temp_test_TSV_RDL_194_1783479318_33644.aedt.
PyAEDT INFO: Python version 3.11.15 | packaged by Anaconda, Inc. | (main, Mar 11 2026, 17:12:15) [MSC v.1942 64 bit (AMD64)].
PyAEDT INFO: PyAEDT version 1.0.1.
PyAEDT INFO: Returning found Desktop session with PID 52548!
PyAEDT INFO: File C:\ffzhzh\LocalFiles\Ansys_Project_Files\temp_test_TSV_RDL_194_1783479318_33644.aedt correctly loaded. Elapsed time: 0m 0sec
PyAEDT INFO: Project temp_test_TSV_RDL_194_1783479318_33644 has been opened.
PyAEDT INFO: Active Design set to TSV_RDL
PyAEDT INFO: AEDT objects correctly read
PyAEDT INFO: Modeler class has been initialized! Elapsed time: 0m 0sec
PyAEDT INFO: Project temp_test_TSV_RDL_194_1783479318_33644 Saved correctly
PyAEDT INFO: Key Desktop/ActiveDSOConfigurations/HFSS correctly changed.
PyAEDT INFO: Solving all design setups. Analysis started...
PyAEDT INFO: Design setup None solved correctly in 0.0h 8.0m 8.0s
PyAEDT INFO: Key Desktop/ActiveDSOConfigurations/HFSS correctly changed.
PyAEDT INFO: Exporting Touchstone C:/ffzhzh/LocalFiles/Ansys_Project_Files/temp_test_TSV_RDL_193_1783479283_46308_SNP/temp_test_TSV_RDL_193_1783479283_46308.s2p
PyAEDT INFO: Touchstone correctly exported to C:/ffzhzh/LocalFiles/Ansys_Project_Files/temp_test_TSV_RDL_193_1783479283_46308_SNP/temp_test_TSV_RDL_193_1783479283_46308.s2p
[test / TSV_RDL - Task 193] simulation completed: C:\ffzhzh\SyncFiles\Temp\HFSS_sim\LHS150_50_Connection2\test\TSV_RDL\dut193.s2p
PyAEDT INFO: Desktop has been released and closed.
[test / TSV_RDL - Task 195] simulation started.
PyAEDT INFO: Python version 3.11.15 | packaged by Anaconda, Inc. | (main, Mar 11 2026, 17:12:15) [MSC v.1942 64 bit (AMD64)].
PyAEDT INFO: PyAEDT version 1.0.1.
PyAEDT INFO: Initializing new Desktop session.
PyAEDT INFO: AEDT version 2026.1.
PyAEDT INFO: New AEDT session is starting on gRPC port 5478.
PyAEDT INFO: Starting new AEDT gRPC session on port 5478.
PyAEDT INFO: Launching AEDT server with gRPC transport mode: TransportMode.WNUA
PyAEDT INFO: Electronics Desktop started on gRPC port 5478 after 6.0 seconds.
PyAEDT INFO: AEDT installation Path C:\Program Files\ANSYS Inc\v261\AnsysEM
PyAEDT INFO: Connected to AEDT gRPC session on port 5478.
PyAEDT INFO: Non-graphical mode detected. Disabling Desktop logs.
PyAEDT INFO: Parsing C:\ffzhzh\LocalFiles\Ansys_Project_Files\temp_test_TSV_RDL_195_1783479792_46308.aedt.
PyAEDT INFO: Python version 3.11.15 | packaged by Anaconda, Inc. | (main, Mar 11 2026, 17:12:15) [MSC v.1942 64 bit (AMD64)].
PyAEDT INFO: PyAEDT version 1.0.1.
PyAEDT INFO: Returning found Desktop session with PID 42052!
PyAEDT INFO: File C:\ffzhzh\LocalFiles\Ansys_Project_Files\temp_test_TSV_RDL_195_1783479792_46308.aedt correctly loaded. Elapsed time: 0m 0sec
PyAEDT INFO: Project temp_test_TSV_RDL_195_1783479792_46308 has been opened.
PyAEDT INFO: Active Design set to TSV_RDL
PyAEDT INFO: AEDT objects correctly read
PyAEDT INFO: Modeler class has been initialized! Elapsed time: 0m 0sec
PyAEDT INFO: Project temp_test_TSV_RDL_195_1783479792_46308 Saved correctly
PyAEDT INFO: Key Desktop/ActiveDSOConfigurations/HFSS correctly changed.
PyAEDT INFO: Solving all design setups. Analysis started...
PyAEDT INFO: Design setup None solved correctly in 0.0h 11.0m 30.0s
PyAEDT INFO: Key Desktop/ActiveDSOConfigurations/HFSS correctly changed.
PyAEDT INFO: Exporting Touchstone C:/ffzhzh/LocalFiles/Ansys_Project_Files/temp_test_TSV_RDL_194_1783479318_33644_SNP/temp_test_TSV_RDL_194_1783479318_33644.s2p
PyAEDT INFO: Touchstone correctly exported to C:/ffzhzh/LocalFiles/Ansys_Project_Files/temp_test_TSV_RDL_194_1783479318_33644_SNP/temp_test_TSV_RDL_194_1783479318_33644.s2p
[test / TSV_RDL - Task 194] simulation completed: C:\ffzhzh\SyncFiles\Temp\HFSS_sim\LHS150_50_Connection2\test\TSV_RDL\dut194.s2p
PyAEDT INFO: Desktop has been released and closed.
[test / TSV_RDL - Task 196] simulation started.
PyAEDT INFO: Python version 3.11.15 | packaged by Anaconda, Inc. | (main, Mar 11 2026, 17:12:15) [MSC v.1942 64 bit (AMD64)].
PyAEDT INFO: PyAEDT version 1.0.1.
PyAEDT INFO: Initializing new Desktop session.
PyAEDT INFO: AEDT version 2026.1.
PyAEDT INFO: New AEDT session is starting on gRPC port 11225.
PyAEDT INFO: Starting new AEDT gRPC session on port 11225.
PyAEDT INFO: Launching AEDT server with gRPC transport mode: TransportMode.WNUA
PyAEDT INFO: Electronics Desktop started on gRPC port 11225 after 5.9 seconds.
PyAEDT INFO: AEDT installation Path C:\Program Files\ANSYS Inc\v261\AnsysEM
PyAEDT INFO: Connected to AEDT gRPC session on port 11225.
PyAEDT INFO: Non-graphical mode detected. Disabling Desktop logs.
PyAEDT INFO: Parsing C:\ffzhzh\LocalFiles\Ansys_Project_Files\temp_test_TSV_RDL_196_1783480031_33644.aedt.
PyAEDT INFO: Python version 3.11.15 | packaged by Anaconda, Inc. | (main, Mar 11 2026, 17:12:15) [MSC v.1942 64 bit (AMD64)].
PyAEDT INFO: PyAEDT version 1.0.1.
PyAEDT INFO: Returning found Desktop session with PID 25860!
PyAEDT INFO: File C:\ffzhzh\LocalFiles\Ansys_Project_Files\temp_test_TSV_RDL_196_1783480031_33644.aedt correctly loaded. Elapsed time: 0m 0sec
PyAEDT INFO: Project temp_test_TSV_RDL_196_1783480031_33644 has been opened.
PyAEDT INFO: Active Design set to TSV_RDL
PyAEDT INFO: AEDT objects correctly read
PyAEDT INFO: Modeler class has been initialized! Elapsed time: 0m 0sec
PyAEDT INFO: Project temp_test_TSV_RDL_196_1783480031_33644 Saved correctly
PyAEDT INFO: Key Desktop/ActiveDSOConfigurations/HFSS correctly changed.
PyAEDT INFO: Solving all design setups. Analysis started...
PyAEDT INFO: Design setup None solved correctly in 0.0h 35.0m 19.0s
PyAEDT INFO: Key Desktop/ActiveDSOConfigurations/HFSS correctly changed.
PyAEDT INFO: Exporting Touchstone C:/ffzhzh/LocalFiles/Ansys_Project_Files/temp_test_TSV_RDL_190_1783478280_48356_SNP/temp_test_TSV_RDL_190_1783478280_48356.s2p
PyAEDT INFO: Touchstone correctly exported to C:/ffzhzh/LocalFiles/Ansys_Project_Files/temp_test_TSV_RDL_190_1783478280_48356_SNP/temp_test_TSV_RDL_190_1783478280_48356.s2p
[test / TSV_RDL - Task 190] simulation completed: C:\ffzhzh\SyncFiles\Temp\HFSS_sim\LHS150_50_Connection2\test\TSV_RDL\dut190.s2p
PyAEDT INFO: Desktop has been released and closed.
[test / TSV_RDL - Task 197] simulation started.
PyAEDT INFO: Python version 3.11.15 | packaged by Anaconda, Inc. | (main, Mar 11 2026, 17:12:15) [MSC v.1942 64 bit (AMD64)].
PyAEDT INFO: PyAEDT version 1.0.1.
PyAEDT INFO: Initializing new Desktop session.
PyAEDT INFO: AEDT version 2026.1.
PyAEDT INFO: New AEDT session is starting on gRPC port 6962.
PyAEDT INFO: Starting new AEDT gRPC session on port 6962.
PyAEDT INFO: Launching AEDT server with gRPC transport mode: TransportMode.WNUA
PyAEDT INFO: Electronics Desktop started on gRPC port 6962 after 5.8 seconds.
PyAEDT INFO: AEDT installation Path C:\Program Files\ANSYS Inc\v261\AnsysEM
PyAEDT INFO: Connected to AEDT gRPC session on port 6962.
PyAEDT INFO: Non-graphical mode detected. Disabling Desktop logs.
PyAEDT INFO: Python version 3.11.15 | packaged by Anaconda, Inc. | (main, Mar 11 2026, 17:12:15) [MSC v.1942 64 bit (AMD64)].
PyAEDT INFO: Parsing C:\ffzhzh\LocalFiles\Ansys_Project_Files\temp_test_TSV_RDL_197_1783480417_48356.aedt.
PyAEDT INFO: PyAEDT version 1.0.1.
PyAEDT INFO: Returning found Desktop session with PID 27592!
PyAEDT INFO: File C:\ffzhzh\LocalFiles\Ansys_Project_Files\temp_test_TSV_RDL_197_1783480417_48356.aedt correctly loaded. Elapsed time: 0m 0sec
PyAEDT INFO: Project temp_test_TSV_RDL_197_1783480417_48356 has been opened.
PyAEDT INFO: Active Design set to TSV_RDL
PyAEDT INFO: AEDT objects correctly read
PyAEDT INFO: Modeler class has been initialized! Elapsed time: 0m 0sec
PyAEDT INFO: Project temp_test_TSV_RDL_197_1783480417_48356 Saved correctly
PyAEDT INFO: Key Desktop/ActiveDSOConfigurations/HFSS correctly changed.
PyAEDT INFO: Solving all design setups. Analysis started...
PyAEDT INFO: Design setup None solved correctly in 0.0h 7.0m 43.0s
PyAEDT INFO: Key Desktop/ActiveDSOConfigurations/HFSS correctly changed.
PyAEDT INFO: Exporting Touchstone C:/ffzhzh/LocalFiles/Ansys_Project_Files/temp_test_TSV_RDL_196_1783480031_33644_SNP/temp_test_TSV_RDL_196_1783480031_33644.s2p
PyAEDT INFO: Touchstone correctly exported to C:/ffzhzh/LocalFiles/Ansys_Project_Files/temp_test_TSV_RDL_196_1783480031_33644_SNP/temp_test_TSV_RDL_196_1783480031_33644.s2p
[test / TSV_RDL - Task 196] simulation completed: C:\ffzhzh\SyncFiles\Temp\HFSS_sim\LHS150_50_Connection2\test\TSV_RDL\dut196.s2p
PyAEDT INFO: Desktop has been released and closed.
[test / TSV_RDL - Task 198] simulation started.
PyAEDT INFO: Python version 3.11.15 | packaged by Anaconda, Inc. | (main, Mar 11 2026, 17:12:15) [MSC v.1942 64 bit (AMD64)].
PyAEDT INFO: PyAEDT version 1.0.1.
PyAEDT INFO: Initializing new Desktop session.
PyAEDT INFO: AEDT version 2026.1.
PyAEDT INFO: New AEDT session is starting on gRPC port 1841.
PyAEDT INFO: Starting new AEDT gRPC session on port 1841.
PyAEDT INFO: Launching AEDT server with gRPC transport mode: TransportMode.WNUA
PyAEDT INFO: Electronics Desktop started on gRPC port 1841 after 4.4 seconds.
PyAEDT INFO: AEDT installation Path C:\Program Files\ANSYS Inc\v261\AnsysEM
PyAEDT INFO: Connected to AEDT gRPC session on port 1841.
PyAEDT INFO: Non-graphical mode detected. Disabling Desktop logs.
PyAEDT INFO: Python version 3.11.15 | packaged by Anaconda, Inc. | (main, Mar 11 2026, 17:12:15) [MSC v.1942 64 bit (AMD64)].
PyAEDT INFO: Parsing C:\ffzhzh\LocalFiles\Ansys_Project_Files\temp_test_TSV_RDL_198_1783480514_33644.aedt.
PyAEDT INFO: PyAEDT version 1.0.1.
PyAEDT INFO: Returning found Desktop session with PID 16020!
PyAEDT INFO: File C:\ffzhzh\LocalFiles\Ansys_Project_Files\temp_test_TSV_RDL_198_1783480514_33644.aedt correctly loaded. Elapsed time: 0m 0sec
PyAEDT INFO: Project temp_test_TSV_RDL_198_1783480514_33644 has been opened.
PyAEDT INFO: Active Design set to TSV_RDL
PyAEDT INFO: AEDT objects correctly read
PyAEDT INFO: Modeler class has been initialized! Elapsed time: 0m 0sec
PyAEDT INFO: Project temp_test_TSV_RDL_198_1783480514_33644 Saved correctly
PyAEDT INFO: Key Desktop/ActiveDSOConfigurations/HFSS correctly changed.
PyAEDT INFO: Solving all design setups. Analysis started...
PyAEDT INFO: Design setup None solved correctly in 0.0h 13.0m 35.0s
PyAEDT INFO: Key Desktop/ActiveDSOConfigurations/HFSS correctly changed.
PyAEDT INFO: Exporting Touchstone C:/ffzhzh/LocalFiles/Ansys_Project_Files/temp_test_TSV_RDL_195_1783479792_46308_SNP/temp_test_TSV_RDL_195_1783479792_46308.s2p
PyAEDT INFO: Touchstone correctly exported to C:/ffzhzh/LocalFiles/Ansys_Project_Files/temp_test_TSV_RDL_195_1783479792_46308_SNP/temp_test_TSV_RDL_195_1783479792_46308.s2p
[test / TSV_RDL - Task 195] simulation completed: C:\ffzhzh\SyncFiles\Temp\HFSS_sim\LHS150_50_Connection2\test\TSV_RDL\dut195.s2p
PyAEDT INFO: Desktop has been released and closed.
[test / TSV_RDL - Task 199] simulation started.
PyAEDT INFO: Python version 3.11.15 | packaged by Anaconda, Inc. | (main, Mar 11 2026, 17:12:15) [MSC v.1942 64 bit (AMD64)].
PyAEDT INFO: PyAEDT version 1.0.1.
PyAEDT INFO: Initializing new Desktop session.
PyAEDT INFO: AEDT version 2026.1.
PyAEDT INFO: New AEDT session is starting on gRPC port 5885.
PyAEDT INFO: Starting new AEDT gRPC session on port 5885.
PyAEDT INFO: Launching AEDT server with gRPC transport mode: TransportMode.WNUA
PyAEDT INFO: Electronics Desktop started on gRPC port 5885 after 5.6 seconds.
PyAEDT INFO: AEDT installation Path C:\Program Files\ANSYS Inc\v261\AnsysEM
PyAEDT INFO: Connected to AEDT gRPC session on port 5885.
PyAEDT INFO: Non-graphical mode detected. Disabling Desktop logs.
PyAEDT INFO: Python version 3.11.15 | packaged by Anaconda, Inc. | (main, Mar 11 2026, 17:12:15) [MSC v.1942 64 bit (AMD64)].
PyAEDT INFO: Parsing C:\ffzhzh\LocalFiles\Ansys_Project_Files\temp_test_TSV_RDL_199_1783480628_46308.aedt.
PyAEDT INFO: PyAEDT version 1.0.1.
PyAEDT INFO: Returning found Desktop session with PID 26016!
PyAEDT INFO: File C:\ffzhzh\LocalFiles\Ansys_Project_Files\temp_test_TSV_RDL_199_1783480628_46308.aedt correctly loaded. Elapsed time: 0m 0sec
PyAEDT INFO: Project temp_test_TSV_RDL_199_1783480628_46308 has been opened.
PyAEDT INFO: Active Design set to TSV_RDL
PyAEDT INFO: AEDT objects correctly read
PyAEDT INFO: Modeler class has been initialized! Elapsed time: 0m 0sec
PyAEDT INFO: Project temp_test_TSV_RDL_199_1783480628_46308 Saved correctly
PyAEDT INFO: Key Desktop/ActiveDSOConfigurations/HFSS correctly changed.
PyAEDT INFO: Solving all design setups. Analysis started...
PyAEDT INFO: Design setup None solved correctly in 0.0h 6.0m 11.0s
PyAEDT INFO: Key Desktop/ActiveDSOConfigurations/HFSS correctly changed.
PyAEDT INFO: Exporting Touchstone C:/ffzhzh/LocalFiles/Ansys_Project_Files/temp_test_TSV_RDL_197_1783480417_48356_SNP/temp_test_TSV_RDL_197_1783480417_48356.s2p
PyAEDT INFO: Touchstone correctly exported to C:/ffzhzh/LocalFiles/Ansys_Project_Files/temp_test_TSV_RDL_197_1783480417_48356_SNP/temp_test_TSV_RDL_197_1783480417_48356.s2p
[test / TSV_RDL - Task 197] simulation completed: C:\ffzhzh\SyncFiles\Temp\HFSS_sim\LHS150_50_Connection2\test\TSV_RDL\dut197.s2p
PyAEDT INFO: Desktop has been released and closed.
PyAEDT INFO: Solving all design setups. Analysis started...
PyAEDT INFO: Design setup None solved correctly in 0.0h 7.0m 35.0s
PyAEDT INFO: Key Desktop/ActiveDSOConfigurations/HFSS correctly changed.
PyAEDT INFO: Exporting Touchstone C:/ffzhzh/LocalFiles/Ansys_Project_Files/temp_test_TSV_RDL_198_1783480514_33644_SNP/temp_test_TSV_RDL_198_1783480514_33644.s2p
PyAEDT INFO: Touchstone correctly exported to C:/ffzhzh/LocalFiles/Ansys_Project_Files/temp_test_TSV_RDL_198_1783480514_33644_SNP/temp_test_TSV_RDL_198_1783480514_33644.s2p
[test / TSV_RDL - Task 198] simulation completed: C:\ffzhzh\SyncFiles\Temp\HFSS_sim\LHS150_50_Connection2\test\TSV_RDL\dut198.s2p
PyAEDT INFO: Desktop has been released and closed.
PyAEDT INFO: Solving all design setups. Analysis started...
PyAEDT INFO: Design setup None solved correctly in 0.0h 26.0m 30.0s
PyAEDT INFO: Key Desktop/ActiveDSOConfigurations/HFSS correctly changed.
PyAEDT INFO: Exporting Touchstone C:/ffzhzh/LocalFiles/Ansys_Project_Files/temp_test_TSV_RDL_199_1783480628_46308_SNP/temp_test_TSV_RDL_199_1783480628_46308.s2p
PyAEDT INFO: Touchstone correctly exported to C:/ffzhzh/LocalFiles/Ansys_Project_Files/temp_test_TSV_RDL_199_1783480628_46308_SNP/temp_test_TSV_RDL_199_1783480628_46308.s2p
[test / TSV_RDL - Task 199] simulation completed: C:\ffzhzh\SyncFiles\Temp\HFSS_sim\LHS150_50_Connection2\test\TSV_RDL\dut199.s2p
PyAEDT INFO: Desktop has been released and closed.
=====================================
HFSS batch simulation
AEDT project: C:\ffzhzh\LocalFiles\Ansys_Project_Files\TSV_RDL_Connection2.aedt
AEDT version: 2026.1
Target design: TSV_RDL
Sample splits: {'train': 150, 'test': 50}
=====================================
Configuration check passed.
Record columns: h_tsv, r_tsv, pitch, l_tmrdl, w_tmrdl, t_tmrdl, l_bsmrdl, w_bsmrdl, t_bsmrdl
HFSS thickness mapping: t_tmrdl -> h_tmrdl, t_bsmrdl -> h_bsmrdl
Loaded 150 existing train variations: C:\ffzhzh\SyncFiles\Temp\HFSS_sim\LHS150_50_Connection2\train\TSV_RDL_variations_record.csv
Loaded 50 existing test variations: C:\ffzhzh\SyncFiles\Temp\HFSS_sim\LHS150_50_Connection2\test\TSV_RDL_variations_record.csv
Total tasks: 200
Parallel processes: 3
Cores per simulation: 4
Output directory: C:\ffzhzh\SyncFiles\Temp\HFSS_sim\LHS150_50_Connection2
=====================================


All tasks finished. Summary: C:\ffzhzh\SyncFiles\Temp\HFSS_sim\LHS150_50_Connection2\simulation_summary.csv
