
hpeesofsim (*) 637.update1.2 Jan 22 2026, MINT version 5
    (64-bit windows built: Thu Jan 22, 2026 21:43:01 +0000)

***** Simulation started at Tue Jul  7 16:38:57 2026
      Running on host: "Feng"
      In Directory: "C:\ffzhzh\SyncFiles\Temp\model_versions\v10_ads_pi_cascade\rdl_ads_sim"
      Process ID: 54428

Parsing the netlist ...
Flattening the netlist ...
Loading Post-Processing Module SPOutput (['model_versions/v10_ads_pi_cascade/rdl_ads_sim/Snp/ads_helper_check_TMRDL', 'touchstone', 'MA'] )

SP SP1[1] <ads_helper_check_TMRDL.net>   freq=(100 MHz->20 GHz)

Checking for unresolved variables ...
Post-Processing Module 'PostProcessingModule'.process
Flushing data (please wait) ...
     ... data flush done.

Resource usage:
  Total stopwatch time     =     0.79 seconds.


***** Simulation finished at Tue Jul  7 16:38:58 2026



STDERR:
Error opening "model_versions/v10_ads_pi_cascade/rdl_ads_sim/Snp/ads_helper_check_TMRDL.s2p" for writing.Failed to write the file "model_versions/v10_ads_pi_cascade/rdl_ads_sim/Snp/ads_helper_check_TMRDL.s2p".
Error opening "model_versions/v10_ads_pi_cascade/rdl_ads_sim/Snp/ads_helper_check_TMRDL.s2p" for writing.