
hpeesofsim (*) 637.update1.2 Jan 22 2026, MINT version 5
    (64-bit windows built: Thu Jan 22, 2026 21:43:01 +0000)

***** Simulation started at Thu Jul  9 00:48:40 2026
      Running on host: "Feng"
      In Directory: "C:\ffzhzh\SyncFiles\Temp\model_versions\v10_ads_pi_cascade\tsv_ads_sim"
      Process ID: 53588

Parsing the netlist ...
Flattening the netlist ...
Loading Post-Processing Module SPOutput (['C:/ffzhzh/SyncFiles/Temp/model_versions/v10_ads_pi_cascade/results/ads_pi_cascade_lhs150_50_connection2_100ghz_lhs400_refined_ads/ads_single_device_cache/LHS150_50_Connection2_train_dut91_TSV', 'touchstone', 'MA'] )

SP SP1[1] <LHS150_50_Connection2_train_dut91_TSV.net>   freq=(100 MHz->100 GHz)

Warning detected by hpeesofsim during SP analysis 'SP1'.
    UserValue(0.000092) < MinRecommendValue(0.000100) OR UserValue > MaxRecommendValue(0.000635) for 'H' in `V3'



Warning detected by hpeesofsim during SP analysis 'SP1'.
    UserValue(0.000017) <= MinLegalValue(0.000017) for 'W' in `V3'



Warning detected by hpeesofsim during SP analysis 'SP1'.
    UserValue(0.184262) < MinRecommendValue(0.200000) OR UserValue > MaxRecommendValue(1.500000) for 'D/H' in `V3'



Warning detected by hpeesofsim during SP analysis 'SP1'.
    UserValue(0.184447) < MinRecommendValue(1.000000) OR UserValue > MaxRecommendValue(2.200000) for 'W/H' in `V3'



Warning detected by hpeesofsim during SP analysis 'SP1'.
    UserValue(0.000092) < MinRecommendValue(0.000100) OR UserValue > MaxRecommendValue(0.000635) for 'H' in `V2'



Warning detected by hpeesofsim during SP analysis 'SP1'.
    UserValue(0.000017) <= MinLegalValue(0.000017) for 'W' in `V2'



Warning detected by hpeesofsim during SP analysis 'SP1'.
    UserValue(0.184262) < MinRecommendValue(0.200000) OR UserValue > MaxRecommendValue(1.500000) for 'D/H' in `V2'



Warning detected by hpeesofsim during SP analysis 'SP1'.
    UserValue(0.184447) < MinRecommendValue(1.000000) OR UserValue > MaxRecommendValue(2.200000) for 'W/H' in `V2'



Checking for unresolved variables ...
Post-Processing Module 'PostProcessingModule'.process
Flushing data (please wait) ...
     ... data flush done.

Resource usage:
  Total stopwatch time     =     0.84 seconds.


***** Simulation finished at Thu Jul  9 00:48:41 2026



STDERR:
