
hpeesofsim (*) 637.update1.2 Jan 22 2026, MINT version 5
    (64-bit windows built: Thu Jan 22, 2026 21:43:01 +0000)

***** Simulation started at Wed Jul  8 13:51:11 2026
      Running on host: "Feng"
      In Directory: "C:\ffzhzh\SyncFiles\Temp\model_versions\v10_ads_pi_cascade\tsv_ads_sim"
      Process ID: 56032

Parsing the netlist ...
Flattening the netlist ...
Loading Post-Processing Module SPOutput (['C:/ffzhzh/SyncFiles/Temp/model_versions/v10_ads_pi_cascade/results/ads_pi_cascade_lhs200_random100train_100test_calibrated16dut/ads_single_device_cache/LHS200_train_dut172_TSV', 'touchstone', 'MA'] )

SP SP1[1] <LHS200_train_dut172_TSV.net>   freq=(100 MHz->20 GHz)

Warning detected by hpeesofsim during SP analysis 'SP1'.
    UserValue(0.000012) <= MinLegalValue(0.000012) for 'W' in `V3'



Warning detected by hpeesofsim during SP analysis 'SP1'.
    UserValue(0.108918) < MinRecommendValue(0.200000) OR UserValue > MaxRecommendValue(1.500000) for 'D/H' in `V3'



Warning detected by hpeesofsim during SP analysis 'SP1'.
    UserValue(0.109027) < MinRecommendValue(1.000000) OR UserValue > MaxRecommendValue(2.200000) for 'W/H' in `V3'



Warning detected by hpeesofsim during SP analysis 'SP1'.
    UserValue(0.000012) <= MinLegalValue(0.000012) for 'W' in `V2'



Warning detected by hpeesofsim during SP analysis 'SP1'.
    UserValue(0.108918) < MinRecommendValue(0.200000) OR UserValue > MaxRecommendValue(1.500000) for 'D/H' in `V2'



Warning detected by hpeesofsim during SP analysis 'SP1'.
    UserValue(0.109027) < MinRecommendValue(1.000000) OR UserValue > MaxRecommendValue(2.200000) for 'W/H' in `V2'



Checking for unresolved variables ...
Post-Processing Module 'PostProcessingModule'.process
Flushing data (please wait) ...
     ... data flush done.

Resource usage:
  Total stopwatch time     =     0.81 seconds.


***** Simulation finished at Wed Jul  8 13:51:11 2026



STDERR:
