
hpeesofsim (*) 637.update1.2 Jan 22 2026, MINT version 5
    (64-bit windows built: Thu Jan 22, 2026 21:43:01 +0000)

***** Simulation started at Thu Jul  9 00:42:42 2026
      Running on host: "Feng"
      In Directory: "C:\ffzhzh\SyncFiles\Temp\model_versions\v10_ads_pi_cascade\tsv_ads_sim"
      Process ID: 49612

Parsing the netlist ...
Flattening the netlist ...
Loading Post-Processing Module SPOutput (['C:/ffzhzh/SyncFiles/Temp/model_versions/v10_ads_pi_cascade/results/ac_l400_ref2/cache/tsv/er_si-11p9__cond-6p5e07__tand-0p01__c1_scale-1__pitch_scale-0p9__h_tsv_scale-1p1__d_scale-1/LHS400C2_TSV_dut143', 'touchstone', 'MA'] )

SP SP1[1] <LHS400C2_TSV_dut143_TSV.net>   freq=(100 MHz->100 GHz)

Warning detected by hpeesofsim during SP analysis 'SP1'.
    UserValue(0.000061) < MinRecommendValue(0.000100) OR UserValue > MaxRecommendValue(0.000635) for 'H' in `V3'



Warning detected by hpeesofsim during SP analysis 'SP1'.
    UserValue(0.000018) <= MinLegalValue(0.000018) for 'W' in `V3'



Warning detected by hpeesofsim during SP analysis 'SP1'.
    UserValue(0.289464) < MinRecommendValue(1.000000) OR UserValue > MaxRecommendValue(2.200000) for 'W/H' in `V3'



Warning detected by hpeesofsim during SP analysis 'SP1'.
    UserValue(0.000061) < MinRecommendValue(0.000100) OR UserValue > MaxRecommendValue(0.000635) for 'H' in `V2'



Warning detected by hpeesofsim during SP analysis 'SP1'.
    UserValue(0.000018) <= MinLegalValue(0.000018) for 'W' in `V2'



Warning detected by hpeesofsim during SP analysis 'SP1'.
    UserValue(0.289464) < MinRecommendValue(1.000000) OR UserValue > MaxRecommendValue(2.200000) for 'W/H' in `V2'



Checking for unresolved variables ...
Post-Processing Module 'PostProcessingModule'.process
Flushing data (please wait) ...
     ... data flush done.

Resource usage:
  Total stopwatch time     =     0.82 seconds.


***** Simulation finished at Thu Jul  9 00:42:43 2026



STDERR:
