
hpeesofsim (*) 637.update1.2 Jan 22 2026, MINT version 5
    (64-bit windows built: Thu Jan 22, 2026 21:43:01 +0000)

***** Simulation started at Fri Jul 10 15:19:30 2026
      Running on host: "Feng"
      In Directory: "C:\ffzhzh\SyncFiles\Temp\model_versions\v11_ads_v08_multihead_chain\tsv_ads_sim"
      Process ID: 29244

Parsing the netlist ...
Flattening the netlist ...
Loading Post-Processing Module SPOutput (['C:/ffzhzh/SyncFiles/Temp/model_versions/v11_ads_v08_multihead_chain/results/v11_sharedopt_c30_adslen09/ads_cache/LHS150_50_Connection2_train_dut81_TSV', 'touchstone', 'MA'] )

SP SP1[1] <LHS150_50_Connection2_train_dut81_TSV.net>   freq=(100 MHz->100 GHz)

Warning detected by hpeesofsim during SP analysis 'SP1'.
    UserValue(0.000025) <= MinLegalValue(0.000025) for 'W' in `V3'



Warning detected by hpeesofsim during SP analysis 'SP1'.
    UserValue(0.234648) < MinRecommendValue(1.000000) OR UserValue > MaxRecommendValue(2.200000) for 'W/H' in `V3'



Warning detected by hpeesofsim during SP analysis 'SP1'.
    UserValue(0.000025) <= MinLegalValue(0.000025) for 'W' in `V2'



Warning detected by hpeesofsim during SP analysis 'SP1'.
    UserValue(0.234648) < MinRecommendValue(1.000000) OR UserValue > MaxRecommendValue(2.200000) for 'W/H' in `V2'



Checking for unresolved variables ...
Post-Processing Module 'PostProcessingModule'.process
Flushing data (please wait) ...
     ... data flush done.

Resource usage:
  Total stopwatch time     =     1.20 seconds.


***** Simulation finished at Fri Jul 10 15:19:30 2026



STDERR:
