
hpeesofsim (*) 637.update1.2 Jan 22 2026, MINT version 5
    (64-bit windows built: Thu Jan 22, 2026 21:43:01 +0000)

***** Simulation started at Thu Jul  9 23:02:58 2026
      Running on host: "Feng"
      In Directory: "C:\ffzhzh\SyncFiles\Temp\model_versions\v11_ads_v08_multihead_chain\tsv_ads_sim"
      Process ID: 27716

Parsing the netlist ...
Flattening the netlist ...
Loading Post-Processing Module SPOutput (['C:/ffzhzh/SyncFiles/Temp/model_versions/v11_ads_v08_multihead_chain/results/ads_vs_hfss_lhs400_connection2_single_device_50/ads_single_device_cache/TSV/LHS400_Connection2_TSV_dut42', 'touchstone', 'MA'] )

SP SP1[1] <LHS400_Connection2_TSV_dut42_TSV.net>   freq=(100 MHz->100 GHz)

Warning detected by hpeesofsim during SP analysis 'SP1'.
    UserValue(0.000018) <= MinLegalValue(0.000018) for 'W' in `V3'



Warning detected by hpeesofsim during SP analysis 'SP1'.
    UserValue(0.160809) < MinRecommendValue(0.200000) OR UserValue > MaxRecommendValue(1.500000) for 'D/H' in `V3'



Warning detected by hpeesofsim during SP analysis 'SP1'.
    UserValue(0.160970) < MinRecommendValue(1.000000) OR UserValue > MaxRecommendValue(2.200000) for 'W/H' in `V3'



Warning detected by hpeesofsim during SP analysis 'SP1'.
    UserValue(0.000018) <= MinLegalValue(0.000018) for 'W' in `V2'



Warning detected by hpeesofsim during SP analysis 'SP1'.
    UserValue(0.160809) < MinRecommendValue(0.200000) OR UserValue > MaxRecommendValue(1.500000) for 'D/H' in `V2'



Warning detected by hpeesofsim during SP analysis 'SP1'.
    UserValue(0.160970) < MinRecommendValue(1.000000) OR UserValue > MaxRecommendValue(2.200000) for 'W/H' in `V2'



Checking for unresolved variables ...
Post-Processing Module 'PostProcessingModule'.process
Flushing data (please wait) ...
     ... data flush done.

Resource usage:
  Total stopwatch time     =     0.77 seconds.


***** Simulation finished at Thu Jul  9 23:02:58 2026



STDERR:
