
hpeesofsim (*) 637.update1.2 Jan 22 2026, MINT version 5
    (64-bit windows built: Thu Jan 22, 2026 21:43:01 +0000)

***** Simulation started at Thu Jul  9 23:20:04 2026
      Running on host: "Feng"
      In Directory: "C:\ffzhzh\SyncFiles\Temp\model_versions\v11_ads_v08_multihead_chain\tsv_ads_sim"
      Process ID: 14176

Parsing the netlist ...
Flattening the netlist ...
Loading Post-Processing Module SPOutput (['C:/ffzhzh/SyncFiles/Temp/model_versions/v11_ads_v08_multihead_chain/results/ads_single_device_calibration_lhs400_connection2_random30/ads_cache/TSV/s5e25087948b2/LHS400_Connection2_TSV_dut316', 'touchstone', 'MA'] )

SP SP1[1] <LHS400_Connection2_TSV_dut316_TSV.net>   freq=(100 MHz->100 GHz)

Warning detected by hpeesofsim during SP analysis 'SP1'.
    UserValue(0.000016) <= MinLegalValue(0.000016) for 'W' in `V3'



Warning detected by hpeesofsim during SP analysis 'SP1'.
    UserValue(0.144808) < MinRecommendValue(0.200000) OR UserValue > MaxRecommendValue(1.500000) for 'D/H' in `V3'



Warning detected by hpeesofsim during SP analysis 'SP1'.
    UserValue(0.144953) < MinRecommendValue(1.000000) OR UserValue > MaxRecommendValue(2.200000) for 'W/H' in `V3'



Warning detected by hpeesofsim during SP analysis 'SP1'.
    UserValue(0.000016) <= MinLegalValue(0.000016) for 'W' in `V2'



Warning detected by hpeesofsim during SP analysis 'SP1'.
    UserValue(0.144808) < MinRecommendValue(0.200000) OR UserValue > MaxRecommendValue(1.500000) for 'D/H' in `V2'



Warning detected by hpeesofsim during SP analysis 'SP1'.
    UserValue(0.144953) < MinRecommendValue(1.000000) OR UserValue > MaxRecommendValue(2.200000) for 'W/H' in `V2'



Checking for unresolved variables ...
Post-Processing Module 'PostProcessingModule'.process
Flushing data (please wait) ...
     ... data flush done.

Resource usage:
  Total stopwatch time     =     0.80 seconds.


***** Simulation finished at Thu Jul  9 23:20:05 2026



STDERR:
